Archive member included to satisfy reference by file (symbol)

/usr/lib/gcc/arm-none-eabi/10.3.1/thumb/v7-m/nofp/libgcc.a(_arm_muldf3.o)
                              CMakeFiles/Project.elf.dir/Code/Src/OneWrite.c.obj (__aeabi_dmul)
/usr/lib/gcc/arm-none-eabi/10.3.1/thumb/v7-m/nofp/libgcc.a(_arm_addsubdf3.o)
                              CMakeFiles/Project.elf.dir/Code/Src/OneWrite.c.obj (__aeabi_dsub)
/usr/lib/gcc/arm-none-eabi/10.3.1/thumb/v7-m/nofp/libgcc.a(_arm_muldivdf3.o)
                              CMakeFiles/Project.elf.dir/Code/Src/OneWrite.c.obj (__aeabi_ddiv)
/usr/lib/gcc/arm-none-eabi/10.3.1/thumb/v7-m/nofp/libgcc.a(_arm_truncdfsf2.o)
                              CMakeFiles/Project.elf.dir/Code/Src/OneWrite.c.obj (__aeabi_d2f)
/usr/lib/gcc/arm-none-eabi/10.3.1/thumb/v7-m/nofp/libgcc.a(_arm_addsubsf3.o)
                              CMakeFiles/Project.elf.dir/Code/Src/OneWrite.c.obj (__aeabi_ui2f)
/usr/lib/gcc/arm-none-eabi/10.3.1/../../../arm-none-eabi/lib/thumb/v7-m/nofp/libc_nano.a(lib_a-atexit.o)
                              /usr/lib/gcc/arm-none-eabi/10.3.1/../../../arm-none-eabi/lib/thumb/v7-m/nofp/crt0.o (atexit)
/usr/lib/gcc/arm-none-eabi/10.3.1/../../../arm-none-eabi/lib/thumb/v7-m/nofp/libc_nano.a(lib_a-exit.o)
                              /usr/lib/gcc/arm-none-eabi/10.3.1/../../../arm-none-eabi/lib/thumb/v7-m/nofp/crt0.o (exit)
/usr/lib/gcc/arm-none-eabi/10.3.1/../../../arm-none-eabi/lib/thumb/v7-m/nofp/libc_nano.a(lib_a-fini.o)
                              /usr/lib/gcc/arm-none-eabi/10.3.1/../../../arm-none-eabi/lib/thumb/v7-m/nofp/crt0.o (__libc_fini_array)
/usr/lib/gcc/arm-none-eabi/10.3.1/../../../arm-none-eabi/lib/thumb/v7-m/nofp/libc_nano.a(lib_a-impure.o)
                              /usr/lib/gcc/arm-none-eabi/10.3.1/../../../arm-none-eabi/lib/thumb/v7-m/nofp/libc_nano.a(lib_a-exit.o) (_global_impure_ptr)
/usr/lib/gcc/arm-none-eabi/10.3.1/../../../arm-none-eabi/lib/thumb/v7-m/nofp/libc_nano.a(lib_a-init.o)
                              /usr/lib/gcc/arm-none-eabi/10.3.1/../../../arm-none-eabi/lib/thumb/v7-m/nofp/crt0.o (__libc_init_array)
/usr/lib/gcc/arm-none-eabi/10.3.1/../../../arm-none-eabi/lib/thumb/v7-m/nofp/libc_nano.a(lib_a-memset.o)
                              /usr/lib/gcc/arm-none-eabi/10.3.1/../../../arm-none-eabi/lib/thumb/v7-m/nofp/crt0.o (memset)
/usr/lib/gcc/arm-none-eabi/10.3.1/../../../arm-none-eabi/lib/thumb/v7-m/nofp/libc_nano.a(lib_a-nano-vfprintf_float.o)
                              (_printf_float)
/usr/lib/gcc/arm-none-eabi/10.3.1/../../../arm-none-eabi/lib/thumb/v7-m/nofp/libc_nano.a(lib_a-nano-vfprintf_i.o)
                              /usr/lib/gcc/arm-none-eabi/10.3.1/../../../arm-none-eabi/lib/thumb/v7-m/nofp/libc_nano.a(lib_a-nano-vfprintf_float.o) (_printf_common)
/usr/lib/gcc/arm-none-eabi/10.3.1/../../../arm-none-eabi/lib/thumb/v7-m/nofp/libc_nano.a(lib_a-printf.o)
                              CMakeFiles/Project.elf.dir/User/main.c.obj (printf)
/usr/lib/gcc/arm-none-eabi/10.3.1/../../../arm-none-eabi/lib/thumb/v7-m/nofp/libc_nano.a(lib_a-puts.o)
                              CMakeFiles/Project.elf.dir/User/main.c.obj (puts)
/usr/lib/gcc/arm-none-eabi/10.3.1/../../../arm-none-eabi/lib/thumb/v7-m/nofp/libc_nano.a(lib_a-sprintf.o)
                              CMakeFiles/Project.elf.dir/User/main.c.obj (sprintf)
/usr/lib/gcc/arm-none-eabi/10.3.1/../../../arm-none-eabi/lib/thumb/v7-m/nofp/libc_nano.a(lib_a-strcpy.o)
                              CMakeFiles/Project.elf.dir/Code/Src/GPS_Usart.c.obj (strcpy)
/usr/lib/gcc/arm-none-eabi/10.3.1/../../../arm-none-eabi/lib/thumb/v7-m/nofp/libc_nano.a(lib_a-strlen-stub.o)
                              CMakeFiles/Project.elf.dir/User/main.c.obj (strlen)
/usr/lib/gcc/arm-none-eabi/10.3.1/../../../arm-none-eabi/lib/thumb/v7-m/nofp/libc_nano.a(lib_a-strstr.o)
                              CMakeFiles/Project.elf.dir/Code/Src/GPS_Usart.c.obj (strstr)
/usr/lib/gcc/arm-none-eabi/10.3.1/../../../arm-none-eabi/lib/thumb/v7-m/nofp/libc_nano.a(lib_a-vsprintf.o)
                              CMakeFiles/Project.elf.dir/Code/Src/NBIOT_Usart.c.obj (vsprintf)
/usr/lib/gcc/arm-none-eabi/10.3.1/../../../arm-none-eabi/lib/thumb/v7-m/nofp/libc_nano.a(lib_a-wbuf.o)
                              /usr/lib/gcc/arm-none-eabi/10.3.1/../../../arm-none-eabi/lib/thumb/v7-m/nofp/libc_nano.a(lib_a-puts.o) (__swbuf_r)
/usr/lib/gcc/arm-none-eabi/10.3.1/../../../arm-none-eabi/lib/thumb/v7-m/nofp/libc_nano.a(lib_a-wsetup.o)
                              /usr/lib/gcc/arm-none-eabi/10.3.1/../../../arm-none-eabi/lib/thumb/v7-m/nofp/libc_nano.a(lib_a-puts.o) (__swsetup_r)
/usr/lib/gcc/arm-none-eabi/10.3.1/../../../arm-none-eabi/lib/thumb/v7-m/nofp/libc_nano.a(lib_a-__atexit.o)
                              /usr/lib/gcc/arm-none-eabi/10.3.1/../../../arm-none-eabi/lib/thumb/v7-m/nofp/libc_nano.a(lib_a-atexit.o) (__register_exitproc)
[...]
Memory Configuration

Name             Origin             Length             Attributes
RAM              0x0000000020000000 0x0000000000005000 xrw
FLASH            0x0000000008000000 0x0000000000010000 xr
*default*        0x0000000000000000 0xffffffffffffffff

Linker script and memory map

LOAD /usr/lib/gcc/arm-none-eabi/10.3.1/thumb/v7-m/nofp/crti.o
LOAD /usr/lib/gcc/arm-none-eabi/10.3.1/thumb/v7-m/nofp/crtbegin.o
LOAD /usr/lib/gcc/arm-none-eabi/10.3.1/../../../arm-none-eabi/lib/thumb/v7-m/nofp/crt0.o
LOAD CMakeFiles/Project.elf.dir/Code/Src/GPS.c.obj
LOAD CMakeFiles/Project.elf.dir/Code/Src/GPS_Usart.c.obj
LOAD CMakeFiles/Project.elf.dir/Code/Src/I2COLED.c.obj
LOAD CMakeFiles/Project.elf.dir/Code/Src/LED.c.obj
LOAD CMakeFiles/Project.elf.dir/Code/Src/NBIOT_Usart.c.obj
LOAD CMakeFiles/Project.elf.dir/Code/Src/OLED.c.obj
LOAD CMakeFiles/Project.elf.dir/Code/Src/OneWrite.c.obj
LOAD CMakeFiles/Project.elf.dir/Code/Src/Usart.c.obj
LOAD CMakeFiles/Project.elf.dir/Code/Src/nbiot.c.obj
LOAD CMakeFiles/Project.elf.dir/Lib/Src/misc.c.obj
LOAD CMakeFiles/Project.elf.dir/Lib/Src/stm32f10x_adc.c.obj
LOAD CMakeFiles/Project.elf.dir/Lib/Src/stm32f10x_bkp.c.obj
LOAD CMakeFiles/Project.elf.dir/Lib/Src/stm32f10x_can.c.obj
LOAD CMakeFiles/Project.elf.dir/Lib/Src/stm32f10x_cec.c.obj
LOAD CMakeFiles/Project.elf.dir/Lib/Src/stm32f10x_crc.c.obj
LOAD CMakeFiles/Project.elf.dir/Lib/Src/stm32f10x_dac.c.obj
LOAD CMakeFiles/Project.elf.dir/Lib/Src/stm32f10x_dbgmcu.c.obj
LOAD CMakeFiles/Project.elf.dir/Lib/Src/stm32f10x_dma.c.obj
LOAD CMakeFiles/Project.elf.dir/Lib/Src/stm32f10x_exti.c.obj
LOAD CMakeFiles/Project.elf.dir/Lib/Src/stm32f10x_flash.c.obj
LOAD CMakeFiles/Project.elf.dir/Lib/Src/stm32f10x_fsmc.c.obj
LOAD CMakeFiles/Project.elf.dir/Lib/Src/stm32f10x_gpio.c.obj
LOAD CMakeFiles/Project.elf.dir/Lib/Src/stm32f10x_i2c.c.obj
LOAD CMakeFiles/Project.elf.dir/Lib/Src/stm32f10x_iwdg.c.obj
LOAD CMakeFiles/Project.elf.dir/Lib/Src/stm32f10x_pwr.c.obj
LOAD CMakeFiles/Project.elf.dir/Lib/Src/stm32f10x_rcc.c.obj
LOAD CMakeFiles/Project.elf.dir/Lib/Src/stm32f10x_rtc.c.obj
LOAD CMakeFiles/Project.elf.dir/Lib/Src/stm32f10x_sdio.c.obj
LOAD CMakeFiles/Project.elf.dir/Lib/Src/stm32f10x_spi.c.obj
LOAD CMakeFiles/Project.elf.dir/Lib/Src/stm32f10x_tim.c.obj
LOAD CMakeFiles/Project.elf.dir/Lib/Src/stm32f10x_usart.c.obj
LOAD CMakeFiles/Project.elf.dir/Lib/Src/stm32f10x_wwdg.c.obj
LOAD CMakeFiles/Project.elf.dir/Project/Code-Cmake/startup_stm32f10x_md.s.obj
LOAD CMakeFiles/Project.elf.dir/Start/Src/core_cm3.c.obj
LOAD CMakeFiles/Project.elf.dir/Start/Src/stm32f10x_it.c.obj
LOAD CMakeFiles/Project.elf.dir/Start/Src/system_stm32f10x.c.obj
LOAD CMakeFiles/Project.elf.dir/System/Src/Delay.c.obj
LOAD CMakeFiles/Project.elf.dir/User/main.c.obj
START GROUP
LOAD /usr/lib/gcc/arm-none-eabi/10.3.1/thumb/v7-m/nofp/libgcc.a
LOAD /usr/lib/gcc/arm-none-eabi/10.3.1/../../../arm-none-eabi/lib/thumb/v7-m/nofp/libc_nano.a
END GROUP
START GROUP
LOAD /usr/lib/gcc/arm-none-eabi/10.3.1/thumb/v7-m/nofp/libgcc.a
LOAD /usr/lib/gcc/arm-none-eabi/10.3.1/../../../arm-none-eabi/lib/thumb/v7-m/nofp/libc_nano.a
LOAD /usr/lib/gcc/arm-none-eabi/10.3.1/../../../arm-none-eabi/lib/thumb/v7-m/nofp/libnosys.a
END GROUP
START GROUP
LOAD /usr/lib/gcc/arm-none-eabi/10.3.1/thumb/v7-m/nofp/libgcc.a
LOAD /usr/lib/gcc/arm-none-eabi/10.3.1/../../../arm-none-eabi/lib/thumb/v7-m/nofp/libc_nano.a
LOAD /usr/lib/gcc/arm-none-eabi/10.3.1/../../../arm-none-eabi/lib/thumb/v7-m/nofp/libnosys.a
END GROUP
LOAD /usr/lib/gcc/arm-none-eabi/10.3.1/thumb/v7-m/nofp/crtend.o
LOAD /usr/lib/gcc/arm-none-eabi/10.3.1/thumb/v7-m/nofp/crtn.o
                0x0000000020005000                _estack = (ORIGIN (RAM) + LENGTH (RAM))
                0x0000000000000200                _Min_Heap_Size = 0x200
                0x0000000000000400                _Min_Stack_Size = 0x400

.isr_vector     0x0000000008000000      0x10c
                0x0000000008000000                . = ALIGN (0x4)
 *(.isr_vector)
 .isr_vector    0x0000000008000000      0x10c CMakeFiles/Project.elf.dir/Project/Code-Cmake/startup_stm32f10x_md.s.obj
                0x0000000008000000                g_pfnVectors
                0x000000000800010c                . = ALIGN (0x4)

.text           0x0000000008000110     0x6c3c
                0x0000000008000110                . = ALIGN (0x4)
 *(.text)
 .text          0x0000000008000110       0x88 /usr/lib/gcc/arm-none-eabi/10.3.1/thumb/v7-m/nofp/crtbegin.o
 .text          0x0000000008000198      0x378 /usr/lib/gcc/arm-none-eabi/10.3.1/thumb/v7-m/nofp/libgcc.a(_arm_addsubdf3.o)
                0x0000000008000198                __aeabi_drsub
                0x00000000080001a0                __aeabi_dsub
                0x00000000080001a0                __subdf3
                0x00000000080001a4                __adddf3
                0x00000000080001a4                __aeabi_dadd
                0x000000000800041c                __aeabi_ui2d
                0x000000000800041c                __floatunsidf
                0x000000000800043c                __floatsidf
                0x000000000800043c                __aeabi_i2d
                0x0000000008000460                __extendsfdf2
                0x0000000008000460                __aeabi_f2d
                0x00000000080004a4                __aeabi_ul2d
                0x00000000080004a4                __floatundidf
                0x00000000080004b4                __floatdidf
                0x00000000080004b4                __aeabi_l2d
 .text          0x0000000008000510      0x424 /usr/lib/gcc/arm-none-eabi/10.3.1/thumb/v7-m/nofp/libgcc.a(_arm_muldivdf3.o)
                0x0000000008000510                __aeabi_dmul
                0x0000000008000510                __muldf3
                0x0000000008000764                __aeabi_ddiv
                0x0000000008000764                __divdf3
 .text          0x0000000008000934       0xa0 /usr/lib/gcc/arm-none-eabi/10.3.1/thumb/v7-m/nofp/libgcc.a(_arm_truncdfsf2.o)
                0x0000000008000934                __aeabi_d2f
                0x0000000008000934                __truncdfsf2
 .text          0x00000000080009d4      0x21c /usr/lib/gcc/arm-none-eabi/10.3.1/thumb/v7-m/nofp/libgcc.a(_arm_addsubsf3.o)
                0x00000000080009d4                __aeabi_frsub
                0x00000000080009dc                __subsf3
                0x00000000080009dc                __aeabi_fsub
                0x00000000080009e0                __aeabi_fadd
                0x00000000080009e0                __addsf3
                0x0000000008000b40                __aeabi_ui2f
                0x0000000008000b40                __floatunsisf
                0x0000000008000b48                __aeabi_i2f
                0x0000000008000b48                __floatsisf
                0x0000000008000b64                __floatundisf
                0x0000000008000b64                __aeabi_ul2f
                0x0000000008000b74                __floatdisf
                0x0000000008000b74                __aeabi_l2f
 .text          0x0000000008000bf0       0xa4 /usr/lib/gcc/arm-none-eabi/10.3.1/../../../arm-none-eabi/lib/thumb/v7-m/nofp/libc_nano.a(lib_a-memset.o)
                0x0000000008000bf0                memset
 .text          0x0000000008000c94      0x6e4 /usr/lib/gcc/arm-none-eabi/10.3.1/../../../arm-none-eabi/lib/thumb/v7-m/nofp/libc_nano.a(lib_a-nano-vfprintf_float.o)
                0x0000000008000c94                __cvt
                0x0000000008000d88                __exponent
                0x0000000008000e24                _printf_float
 .text          0x0000000008001378      0x3d8 /usr/lib/gcc/arm-none-eabi/10.3.1/../../../arm-none-eabi/lib/thumb/v7-m/nofp/libc_nano.a(lib_a-nano-vfprintf_i.o)
                0x0000000008001378                _printf_common
                0x00000000080014a4                _printf_i
 .text          0x0000000008001750       0x60 /usr/lib/gcc/arm-none-eabi/10.3.1/../../../arm-none-eabi/lib/thumb/v7-m/nofp/libc_nano.a(lib_a-printf.o)
                0x0000000008001750                _printf_r
                0x0000000008001750                _iprintf_r
                0x000000000800177c                printf
                0x000000000800177c                iprintf
 .text          0x00000000080017b0       0xe0 /usr/lib/gcc/arm-none-eabi/10.3.1/../../../arm-none-eabi/lib/thumb/v7-m/nofp/libc_nano.a(lib_a-puts.o)
                0x00000000080017b0                _puts_r
                0x0000000008001880                puts
 .text          0x0000000008001890       0x80 /usr/lib/gcc/arm-none-eabi/10.3.1/../../../arm-none-eabi/lib/thumb/v7-m/nofp/libc_nano.a(lib_a-sprintf.o)
                0x0000000008001890                _siprintf_r
                0x0000000008001890                _sprintf_r
                0x00000000080018cc                sprintf
                0x00000000080018cc                siprintf
 .text          0x0000000008001910       0xbc /usr/lib/gcc/arm-none-eabi/10.3.1/../../../arm-none-eabi/lib/thumb/v7-m/nofp/libc_nano.a(lib_a-strcpy.o)
                0x0000000008001910                strcpy
 .text          0x00000000080019cc       0x5c /usr/lib/gcc/arm-none-eabi/10.3.1/../../../arm-none-eabi/lib/thumb/v7-m/nofp/libc_nano.a(lib_a-strlen-stub.o)
                0x00000000080019cc                strlen
 .text          0x0000000008001a28      0x420 /usr/lib/gcc/arm-none-eabi/10.3.1/../../../arm-none-eabi/lib/thumb/v7-m/nofp/libc_nano.a(lib_a-strstr.o)
                0x0000000008001ce0                strstr
 .text          0x0000000008001e48       0xc4 /usr/lib/gcc/arm-none-eabi/10.3.1/../../../arm-none-eabi/lib/thumb/v7-m/nofp/libc_nano.a(lib_a-wbuf.o)
                0x0000000008001e48                __swbuf_r
                0x0000000008001ef8                __swbuf
 .text          0x0000000008001f0c      0x104 /usr/lib/gcc/arm-none-eabi/10.3.1/../../../arm-none-eabi/lib/thumb/v7-m/nofp/libc_nano.a(lib_a-wsetup.o)
                0x0000000008001f0c                __swsetup_r
 .text          0x0000000008002010     0x1034 /usr/lib/gcc/arm-none-eabi/10.3.1/../../../arm-none-eabi/lib/thumb/v7-m/nofp/libc_nano.a(lib_a-dtoa.o)
                0x000000000800213c                _dtoa_r
 .text          0x0000000008003044      0x1dc /usr/lib/gcc/arm-none-eabi/10.3.1/../../../arm-none-eabi/lib/thumb/v7-m/nofp/libc_nano.a(lib_a-fflush.o)
                0x0000000008003044                __sflush_r
                0x000000000800314c                _fflush_r
                0x00000000080031a0                fflush
 .text          0x0000000008003220      0x230 /usr/lib/gcc/arm-none-eabi/10.3.1/../../../arm-none-eabi/lib/thumb/v7-m/nofp/libc_nano.a(lib_a-findfp.o)
                0x0000000008003224                _cleanup_r
                0x0000000008003234                __sfmoreglue
                0x0000000008003264                __sfp
                0x00000000080033fc                _cleanup
                0x0000000008003410                __sinit
                0x0000000008003418                __sfp_lock_acquire
                0x000000000800341c                __sfp_lock_release
                0x0000000008003420                __sinit_lock_acquire
                0x0000000008003424                __sinit_lock_release
                0x0000000008003428                __fp_lock_all
                0x000000000800343c                __fp_unlock_all
 .text          0x0000000008003450       0x88 /usr/lib/gcc/arm-none-eabi/10.3.1/../../../arm-none-eabi/lib/thumb/v7-m/nofp/libc_nano.a(lib_a-fwalk.o)
                0x0000000008003450                _fwalk
                0x0000000008003490                _fwalk_reent
 .text          0x00000000080034d8       0x14 /usr/lib/gcc/arm-none-eabi/10.3.1/../../../arm-none-eabi/lib/thumb/v7-m/nofp/libc_nano.a(lib_a-localeconv.o)
                0x00000000080034d8                __localeconv_l
                0x00000000080034dc                _localeconv_r
                0x00000000080034e4                localeconv
 .text          0x00000000080034ec      0x11c /usr/lib/gcc/arm-none-eabi/10.3.1/../../../arm-none-eabi/lib/thumb/v7-m/nofp/libc_nano.a(lib_a-makebuf.o)
                0x00000000080034ec                __smakebuf_r
                0x00000000080035ac                __swhatbuf_r
 .text          0x0000000008003608       0x20 /usr/lib/gcc/arm-none-eabi/10.3.1/../../../arm-none-eabi/lib/thumb/v7-m/nofp/libc_nano.a(lib_a-malloc.o)
                0x0000000008003608                malloc
                0x0000000008003618                free
 .text          0x0000000008003628       0x90 /usr/lib/gcc/arm-none-eabi/10.3.1/../../../arm-none-eabi/lib/thumb/v7-m/nofp/libc_nano.a(lib_a-memchr-stub.o)
                0x0000000008003628                memchr
 .text          0x00000000080036b8       0x68 /usr/lib/gcc/arm-none-eabi/10.3.1/../../../arm-none-eabi/lib/thumb/v7-m/nofp/libc_nano.a(lib_a-memcmp.o)
                0x00000000080036b8                memcmp
 .text          0x0000000008003720       0xec /usr/lib/gcc/arm-none-eabi/10.3.1/../../../arm-none-eabi/lib/thumb/v7-m/nofp/libc_nano.a(lib_a-memcpy.o)
                0x0000000008003720                memcpy
 .text          0x000000000800380c      0xabc /usr/lib/gcc/arm-none-eabi/10.3.1/../../../arm-none-eabi/lib/thumb/v7-m/nofp/libc_nano.a(lib_a-mprec.o)
                0x000000000800380c                _Balloc
                0x000000000800388c                _Bfree
                0x00000000080038d4                __multadd
                0x0000000008003970                __s2b
                0x0000000008003a24                __hi0bits
                0x0000000008003a64                __lo0bits
                0x0000000008003abc                __i2b
                0x0000000008003ae8                __multiply
                0x0000000008003c44                __pow5mult
                0x0000000008003d24                __lshift
                0x0000000008003e0c                __mcmp
                0x0000000008003e4c                __mdiff
                0x0000000008003f98                __ulp
                0x0000000008003fdc                __b2d
                0x00000000080040ac                __d2b
                0x0000000008004170                __ratio
                0x00000000080041d0                _mprec_log10
                0x0000000008004208                __copybits
                0x0000000008004268                __any_on
 .text          0x00000000080042c8       0x1c /usr/lib/gcc/arm-none-eabi/10.3.1/../../../arm-none-eabi/lib/thumb/v7-m/nofp/libc_nano.a(lib_a-nano-callocr.o)
                0x00000000080042c8                _calloc_r
 .text          0x00000000080042e4       0xcc /usr/lib/gcc/arm-none-eabi/10.3.1/../../../arm-none-eabi/lib/thumb/v7-m/nofp/libc_nano.a(lib_a-nano-freer.o)
                0x00000000080042e4                _free_r
 .text          0x00000000080043b0       0xb8 /usr/lib/gcc/arm-none-eabi/10.3.1/../../../arm-none-eabi/lib/thumb/v7-m/nofp/libc_nano.a(lib_a-nano-mallocr.o)
                0x00000000080043b0                _malloc_r
 .text          0x0000000008004468      0x3f4 /usr/lib/gcc/arm-none-eabi/10.3.1/../../../arm-none-eabi/lib/thumb/v7-m/nofp/libc_nano.a(lib_a-nano-svfprintf.o)
                0x0000000008004468                __ssputs_r
                0x000000000800452c                __ssprint_r
                0x0000000008004628                _svfprintf_r
                0x0000000008004628                _svfiprintf_r
 .text          0x000000000800485c      0x320 /usr/lib/gcc/arm-none-eabi/10.3.1/../../../arm-none-eabi/lib/thumb/v7-m/nofp/libc_nano.a(lib_a-nano-vfprintf.o)
                0x0000000008004884                __sfputs_r
                0x00000000080048b4                __sprint_r
                0x00000000080048d0                _vfiprintf_r
                0x00000000080048d0                _vfprintf_r
                0x0000000008004b60                vfiprintf
                0x0000000008004b60                vfprintf
 .text          0x0000000008004b7c       0x24 /usr/lib/gcc/arm-none-eabi/10.3.1/../../../arm-none-eabi/lib/thumb/v7-m/nofp/libc_nano.a(lib_a-sbrkr.o)
                0x0000000008004b7c                _sbrk_r
 .text          0x0000000008004ba0       0x90 /usr/lib/gcc/arm-none-eabi/10.3.1/../../../arm-none-eabi/lib/thumb/v7-m/nofp/libc_nano.a(lib_a-stdio.o)
                0x0000000008004ba0                __sread
                0x0000000008004bc4                __seofread
                0x0000000008004bc8                __swrite
                0x0000000008004c08                __sseek
                0x0000000008004c28                __sclose
 .text          0x0000000008004c30       0xcc /usr/lib/gcc/arm-none-eabi/10.3.1/../../../arm-none-eabi/lib/thumb/v7-m/nofp/libc_nano.a(lib_a-strchr.o)
                0x0000000008004c30                strchr
 .text          0x0000000008004cfc       0x24 /usr/lib/gcc/arm-none-eabi/10.3.1/../../../arm-none-eabi/lib/thumb/v7-m/nofp/libc_nano.a(lib_a-strnlen.o)
                0x0000000008004cfc                strnlen
 .text          0x0000000008004d20       0x2c /usr/lib/gcc/arm-none-eabi/10.3.1/../../../arm-none-eabi/lib/thumb/v7-m/nofp/libc_nano.a(lib_a-writer.o)
                0x0000000008004d20                _write_r
 .text          0x0000000008004d4c       0x4c /usr/lib/gcc/arm-none-eabi/10.3.1/../../../arm-none-eabi/lib/thumb/v7-m/nofp/libc_nano.a(lib_a-assert.o)
                0x0000000008004d4c                __assert_func
                0x0000000008004d8c                __assert
 .text          0x0000000008004d98       0x24 /usr/lib/gcc/arm-none-eabi/10.3.1/../../../arm-none-eabi/lib/thumb/v7-m/nofp/libc_nano.a(lib_a-closer.o)
                0x0000000008004d98                _close_r
 .text          0x0000000008004dbc       0x44 /usr/lib/gcc/arm-none-eabi/10.3.1/../../../arm-none-eabi/lib/thumb/v7-m/nofp/libc_nano.a(lib_a-fprintf.o)
                0x0000000008004dbc                _fprintf_r
                0x0000000008004dbc                _fiprintf_r
                0x0000000008004dd8                fprintf
                0x0000000008004dd8                fiprintf
 .text          0x0000000008004e00       0x28 /usr/lib/gcc/arm-none-eabi/10.3.1/../../../arm-none-eabi/lib/thumb/v7-m/nofp/libc_nano.a(lib_a-fstatr.o)
                0x0000000008004e00                _fstat_r
 .text          0x0000000008004e28      0x2f0 /usr/lib/gcc/arm-none-eabi/10.3.1/../../../arm-none-eabi/lib/thumb/v7-m/nofp/libc_nano.a(lib_a-fvwrite.o)
                0x0000000008004e28                __sfvwrite_r
 .text          0x0000000008005118       0x24 /usr/lib/gcc/arm-none-eabi/10.3.1/../../../arm-none-eabi/lib/thumb/v7-m/nofp/libc_nano.a(lib_a-isattyr.o)
                0x0000000008005118                _isatty_r
 .text          0x000000000800513c       0x2c /usr/lib/gcc/arm-none-eabi/10.3.1/../../../arm-none-eabi/lib/thumb/v7-m/nofp/libc_nano.a(lib_a-lseekr.o)
                0x000000000800513c                _lseek_r
 .text          0x0000000008005168       0x40 /usr/lib/gcc/arm-none-eabi/10.3.1/../../../arm-none-eabi/lib/thumb/v7-m/nofp/libc_nano.a(lib_a-mbtowc_r.o)
                0x0000000008005168                _mbtowc_r
                0x000000000800517c                __ascii_mbtowc
 .text          0x00000000080051a8       0xf8 /usr/lib/gcc/arm-none-eabi/10.3.1/../../../arm-none-eabi/lib/thumb/v7-m/nofp/libc_nano.a(lib_a-memmove.o)
                0x00000000080051a8                memmove
 .text          0x00000000080052a0        0x8 /usr/lib/gcc/arm-none-eabi/10.3.1/../../../arm-none-eabi/lib/thumb/v7-m/nofp/libc_nano.a(lib_a-mlock.o)
                0x00000000080052a0                __malloc_lock
                0x00000000080052a4                __malloc_unlock
 .text          0x00000000080052a8       0x50 /usr/lib/gcc/arm-none-eabi/10.3.1/../../../arm-none-eabi/lib/thumb/v7-m/nofp/libc_nano.a(lib_a-nano-reallocr.o)
                0x00000000080052a8                _realloc_r
 .text          0x00000000080052f8       0x2c /usr/lib/gcc/arm-none-eabi/10.3.1/../../../arm-none-eabi/lib/thumb/v7-m/nofp/libc_nano.a(lib_a-readr.o)
                0x00000000080052f8                _read_r
 .text          0x0000000008005324       0x30 /usr/lib/gcc/arm-none-eabi/10.3.1/../../../arm-none-eabi/lib/thumb/v7-m/nofp/libc_nano.a(lib_a-wctomb_r.o)
                0x0000000008005324                _wctomb_r
                0x0000000008005338                __ascii_wctomb
 .text          0x0000000008005354       0x10 /usr/lib/gcc/arm-none-eabi/10.3.1/../../../arm-none-eabi/lib/thumb/v7-m/nofp/libc_nano.a(lib_a-abort.o)
                0x0000000008005354                abort
 .text          0x0000000008005364       0x14 /usr/lib/gcc/arm-none-eabi/10.3.1/../../../arm-none-eabi/lib/thumb/v7-m/nofp/libc_nano.a(lib_a-nano-msizer.o)
                0x0000000008005364                _malloc_usable_size_r
 .text          0x0000000008005378      0x26c /usr/lib/gcc/arm-none-eabi/10.3.1/../../../arm-none-eabi/lib/thumb/v7-m/nofp/libc_nano.a(lib_a-signal.o)
                0x0000000008005378                _init_signal_r
                0x00000000080053a4                _signal_r
                0x00000000080053ec                _raise_r
                0x0000000008005440                __sigtramp_r
                0x00000000080054a4                raise
                0x00000000080054fc                signal
                0x000000000800554c                _init_signal
                0x0000000008005580                __sigtramp
 .text          0x00000000080055e4       0x2c /usr/lib/gcc/arm-none-eabi/10.3.1/../../../arm-none-eabi/lib/thumb/v7-m/nofp/libc_nano.a(lib_a-signalr.o)
                0x00000000080055e4                _kill_r
                0x000000000800560c                _getpid_r
 .text          0x0000000008005610      0x110 /usr/lib/gcc/arm-none-eabi/10.3.1/thumb/v7-m/nofp/libgcc.a(_arm_cmpdf2.o)
                0x0000000008005610                __gtdf2
                0x0000000008005610                __gedf2
                0x0000000008005618                __ltdf2
                0x0000000008005618                __ledf2
                0x0000000008005620                __cmpdf2
                0x0000000008005620                __eqdf2
                0x0000000008005620                __nedf2
                0x000000000800569c                __aeabi_cdrcmple
                0x00000000080056ac                __aeabi_cdcmple
                0x00000000080056ac                __aeabi_cdcmpeq
                0x00000000080056bc                __aeabi_dcmpeq
                0x00000000080056d0                __aeabi_dcmplt
                0x00000000080056e4                __aeabi_dcmple
                0x00000000080056f8                __aeabi_dcmpge
                0x000000000800570c                __aeabi_dcmpgt
 .text          0x0000000008005720       0x2c /usr/lib/gcc/arm-none-eabi/10.3.1/thumb/v7-m/nofp/libgcc.a(_arm_unorddf2.o)
                0x0000000008005720                __aeabi_dcmpun
                0x0000000008005720                __unorddf2
 .text          0x000000000800574c       0x50 /usr/lib/gcc/arm-none-eabi/10.3.1/thumb/v7-m/nofp/libgcc.a(_arm_fixdfsi.o)
                0x000000000800574c                __fixdfsi
                0x000000000800574c                __aeabi_d2iz
 .text          0x000000000800579c       0x10 /usr/lib/gcc/arm-none-eabi/10.3.1/../../../arm-none-eabi/lib/thumb/v7-m/nofp/libnosys.a(close.o)
                0x000000000800579c                _close
 .text          0x00000000080057ac       0x10 /usr/lib/gcc/arm-none-eabi/10.3.1/../../../arm-none-eabi/lib/thumb/v7-m/nofp/libnosys.a(fstat.o)
                0x00000000080057ac                _fstat
 .text          0x00000000080057bc       0x10 /usr/lib/gcc/arm-none-eabi/10.3.1/../../../arm-none-eabi/lib/thumb/v7-m/nofp/libnosys.a(getpid.o)
                0x00000000080057bc                _getpid
 .text          0x00000000080057cc       0x10 /usr/lib/gcc/arm-none-eabi/10.3.1/../../../arm-none-eabi/lib/thumb/v7-m/nofp/libnosys.a(isatty.o)
                0x00000000080057cc                _isatty
 .text          0x00000000080057dc       0x10 /usr/lib/gcc/arm-none-eabi/10.3.1/../../../arm-none-eabi/lib/thumb/v7-m/nofp/libnosys.a(kill.o)
                0x00000000080057dc                _kill
 .text          0x00000000080057ec       0x10 /usr/lib/gcc/arm-none-eabi/10.3.1/../../../arm-none-eabi/lib/thumb/v7-m/nofp/libnosys.a(lseek.o)
                0x00000000080057ec                _lseek
 .text          0x00000000080057fc       0x10 /usr/lib/gcc/arm-none-eabi/10.3.1/../../../arm-none-eabi/lib/thumb/v7-m/nofp/libnosys.a(read.o)
                0x00000000080057fc                _read
 .text          0x000000000800580c       0x1c /usr/lib/gcc/arm-none-eabi/10.3.1/../../../arm-none-eabi/lib/thumb/v7-m/nofp/libnosys.a(sbrk.o)
                0x000000000800580c                _sbrk
 .text          0x0000000008005828        0x4 /usr/lib/gcc/arm-none-eabi/10.3.1/../../../arm-none-eabi/lib/thumb/v7-m/nofp/libnosys.a(_exit.o)
                0x0000000008005828                _exit
 *(.text*)
 .text.GPS_init
                0x000000000800582c        0x8 CMakeFiles/Project.elf.dir/Code/Src/GPS.c.obj
                0x000000000800582c                GPS_init
 .text.GPS_get  0x0000000008005834        0xa CMakeFiles/Project.elf.dir/Code/Src/GPS.c.obj
                0x0000000008005834                GPS_get
 .text.GPS_close
                0x000000000800583e        0xa CMakeFiles/Project.elf.dir/Code/Src/GPS.c.obj
                0x000000000800583e                GPS_close
 .text.GPS_copy
                0x0000000008005848       0x5c CMakeFiles/Project.elf.dir/Code/Src/GPS_Usart.c.obj
                0x0000000008005848                GPS_copy
 .text.USART2_Init
                0x00000000080058a4       0xac CMakeFiles/Project.elf.dir/Code/Src/GPS_Usart.c.obj
                0x00000000080058a4                USART2_Init
 .text.USART2_IRQHandler
                0x0000000008005950       0x7c CMakeFiles/Project.elf.dir/Code/Src/GPS_Usart.c.obj
                0x0000000008005950                USART2_IRQHandler
 .text.USART2_SET
                0x00000000080059cc       0x10 CMakeFiles/Project.elf.dir/Code/Src/GPS_Usart.c.obj
                0x00000000080059cc                USART2_SET
 .text.I2C_Configuration
                0x00000000080059dc       0x80 CMakeFiles/Project.elf.dir/Code/Src/I2COLED.c.obj
                0x00000000080059dc                I2C_Configuration
 .text.I2C_WriteByte
                0x0000000008005a5c       0x80 CMakeFiles/Project.elf.dir/Code/Src/I2COLED.c.obj
                0x0000000008005a5c                I2C_WriteByte
 .text.WriteCmd
                0x0000000008005adc        0xc CMakeFiles/Project.elf.dir/Code/Src/I2COLED.c.obj
                0x0000000008005adc                WriteCmd
 .text.WriteDat
                0x0000000008005ae8        0xc CMakeFiles/Project.elf.dir/Code/Src/I2COLED.c.obj
                0x0000000008005ae8                WriteDat
 .text.I2COLED_SetPos
                0x0000000008005af4       0x26 CMakeFiles/Project.elf.dir/Code/Src/I2COLED.c.obj
                0x0000000008005af4                I2COLED_SetPos
 .text.I2COLED_Fill
                0x0000000008005b1a       0x3c CMakeFiles/Project.elf.dir/Code/Src/I2COLED.c.obj
                0x0000000008005b1a                I2COLED_Fill
 .text.I2COLED_Init
                0x0000000008005b56       0xc2 CMakeFiles/Project.elf.dir/Code/Src/I2COLED.c.obj
                0x0000000008005b56                I2COLED_Init
 .text.I2COLED_Pow
                0x0000000008005c18       0x14 CMakeFiles/Project.elf.dir/Code/Src/I2COLED.c.obj
                0x0000000008005c18                I2COLED_Pow
 .text.I2COLED_ShowChar
                0x0000000008005c2c       0xa8 CMakeFiles/Project.elf.dir/Code/Src/I2COLED.c.obj
                0x0000000008005c2c                I2COLED_ShowChar
 .text.I2COLED_ShowHexNum
                0x0000000008005cd4       0xec CMakeFiles/Project.elf.dir/Code/Src/I2COLED.c.obj
                0x0000000008005cd4                I2COLED_ShowHexNum
 .text.NBIOT_copy
                0x0000000008005dc0       0x7c CMakeFiles/Project.elf.dir/Code/Src/NBIOT_Usart.c.obj
                0x0000000008005dc0                NBIOT_copy
 .text.USART1_Init
                0x0000000008005e3c       0xb8 CMakeFiles/Project.elf.dir/Code/Src/NBIOT_Usart.c.obj
                0x0000000008005e3c                USART1_Init
 .text.USART1_SendByte
                0x0000000008005ef4       0x1c CMakeFiles/Project.elf.dir/Code/Src/NBIOT_Usart.c.obj
                0x0000000008005ef4                USART1_SendByte
 .text.USART1_SendString
                0x0000000008005f10       0x24 CMakeFiles/Project.elf.dir/Code/Src/NBIOT_Usart.c.obj
                0x0000000008005f10                USART1_SendString
 .text.USART1_IRQHandler
                0x0000000008005f34       0x7c CMakeFiles/Project.elf.dir/Code/Src/NBIOT_Usart.c.obj
                0x0000000008005f34                USART1_IRQHandler
 .text.OLED_Init
                0x0000000008005fb0        0x8 CMakeFiles/Project.elf.dir/Code/Src/OLED.c.obj
                0x0000000008005fb0                OLED_Init
 .text.OLED_ShowChar
                0x0000000008005fb8       0x1c CMakeFiles/Project.elf.dir/Code/Src/OLED.c.obj
                0x0000000008005fb8                OLED_ShowChar
 .text.OLED_ShowString
                0x0000000008005fd4       0x22 CMakeFiles/Project.elf.dir/Code/Src/OLED.c.obj
                0x0000000008005fd4                OLED_ShowString
 .text.OLED_ShowHexNum
                0x0000000008005ff6       0x24 CMakeFiles/Project.elf.dir/Code/Src/OLED.c.obj
                0x0000000008005ff6                OLED_ShowHexNum
 *fill*         0x000000000800601a        0x2 
 .text.Onewrite_GPIO_Config
                0x000000000800601c       0x38 CMakeFiles/Project.elf.dir/Code/Src/OneWrite.c.obj
                0x000000000800601c                Onewrite_GPIO_Config
 .text.Onewrite_Mode_IPU
                0x0000000008006054       0x24 CMakeFiles/Project.elf.dir/Code/Src/OneWrite.c.obj
                0x0000000008006054                Onewrite_Mode_IPU
 .text.Onewrite_Mode_Out
                0x0000000008006078       0x28 CMakeFiles/Project.elf.dir/Code/Src/OneWrite.c.obj
                0x0000000008006078                Onewrite_Mode_Out
 .text.Onewrite_Rst
                0x00000000080060a0       0x2c CMakeFiles/Project.elf.dir/Code/Src/OneWrite.c.obj
                0x00000000080060a0                Onewrite_Rst
 .text.Onewrite_Answer_Check
                0x00000000080060cc       0x58 CMakeFiles/Project.elf.dir/Code/Src/OneWrite.c.obj
                0x00000000080060cc                Onewrite_Answer_Check
 .text.Onewrite_Read_Bit
                0x0000000008006124       0x44 CMakeFiles/Project.elf.dir/Code/Src/OneWrite.c.obj
                0x0000000008006124                Onewrite_Read_Bit
 .text.Onewrite_Read_Byte
                0x0000000008006168       0x1e CMakeFiles/Project.elf.dir/Code/Src/OneWrite.c.obj
                0x0000000008006168                Onewrite_Read_Byte
 *fill*         0x0000000008006186        0x2 
 .text.Onewrite_Write_Byte
                0x0000000008006188       0x64 CMakeFiles/Project.elf.dir/Code/Src/OneWrite.c.obj
                0x0000000008006188                Onewrite_Write_Byte
 .text.Onewrite_Init
                0x00000000080061ec       0x10 CMakeFiles/Project.elf.dir/Code/Src/OneWrite.c.obj
                0x00000000080061ec                Onewrite_Init
 *fill*         0x00000000080061fc        0x4 
 .text.Onewrite_Get_Temp
                0x0000000008006200       0x9c CMakeFiles/Project.elf.dir/Code/Src/OneWrite.c.obj
                0x0000000008006200                Onewrite_Get_Temp
 .text.Usart3_Init
                0x000000000800629c       0xb8 CMakeFiles/Project.elf.dir/Code/Src/Usart.c.obj
                0x000000000800629c                Usart3_Init
 .text._write   0x0000000008006354       0x34 CMakeFiles/Project.elf.dir/Code/Src/Usart.c.obj
                0x0000000008006354                _write
 .text.NBIOT_restart_init
                0x0000000008006388       0x34 CMakeFiles/Project.elf.dir/Code/Src/nbiot.c.obj
                0x0000000008006388                NBIOT_restart_init
 .text.nbiot_restart
                0x00000000080063bc       0x28 CMakeFiles/Project.elf.dir/Code/Src/nbiot.c.obj
                0x00000000080063bc                nbiot_restart
 .text.NB_IoT_ack_chack
                0x00000000080063e4       0x54 CMakeFiles/Project.elf.dir/Code/Src/nbiot.c.obj
                0x00000000080063e4                NB_IoT_ack_chack
 .text.NB_IoT_conect_send
                0x0000000008006438       0x68 CMakeFiles/Project.elf.dir/Code/Src/nbiot.c.obj
                0x0000000008006438                NB_IoT_conect_send
 .text.nbiot_init
                0x00000000080064a0       0x20 CMakeFiles/Project.elf.dir/Code/Src/nbiot.c.obj
                0x00000000080064a0                nbiot_init
 .text.NVIC_PriorityGroupConfig
                0x00000000080064c0       0x14 CMakeFiles/Project.elf.dir/Lib/Src/misc.c.obj
                0x00000000080064c0                NVIC_PriorityGroupConfig
 .text.NVIC_Init
                0x00000000080064d4       0x64 CMakeFiles/Project.elf.dir/Lib/Src/misc.c.obj
                0x00000000080064d4                NVIC_Init
 .text.GPIO_Init
                0x0000000008006538       0xb2 CMakeFiles/Project.elf.dir/Lib/Src/stm32f10x_gpio.c.obj
                0x0000000008006538                GPIO_Init
 .text.GPIO_ReadInputDataBit
                0x00000000080065ea        0xe CMakeFiles/Project.elf.dir/Lib/Src/stm32f10x_gpio.c.obj
                0x00000000080065ea                GPIO_ReadInputDataBit
 .text.GPIO_SetBits
                0x00000000080065f8        0x4 CMakeFiles/Project.elf.dir/Lib/Src/stm32f10x_gpio.c.obj
                0x00000000080065f8                GPIO_SetBits
 .text.GPIO_ResetBits
                0x00000000080065fc        0x4 CMakeFiles/Project.elf.dir/Lib/Src/stm32f10x_gpio.c.obj
                0x00000000080065fc                GPIO_ResetBits
 .text.I2C_DeInit
                0x0000000008006600       0x38 CMakeFiles/Project.elf.dir/Lib/Src/stm32f10x_i2c.c.obj
                0x0000000008006600                I2C_DeInit
 .text.I2C_Init
                0x0000000008006638       0xdc CMakeFiles/Project.elf.dir/Lib/Src/stm32f10x_i2c.c.obj
                0x0000000008006638                I2C_Init
 .text.I2C_Cmd  0x0000000008006714       0x1c CMakeFiles/Project.elf.dir/Lib/Src/stm32f10x_i2c.c.obj
                0x0000000008006714                I2C_Cmd
 .text.I2C_GenerateSTART
                0x0000000008006730       0x1c CMakeFiles/Project.elf.dir/Lib/Src/stm32f10x_i2c.c.obj
                0x0000000008006730                I2C_GenerateSTART
 .text.I2C_GenerateSTOP
                0x000000000800674c       0x1c CMakeFiles/Project.elf.dir/Lib/Src/stm32f10x_i2c.c.obj
                0x000000000800674c                I2C_GenerateSTOP
 .text.I2C_SendData
                0x0000000008006768        0x4 CMakeFiles/Project.elf.dir/Lib/Src/stm32f10x_i2c.c.obj
                0x0000000008006768                I2C_SendData
 .text.I2C_Send7bitAddress
                0x000000000800676c       0x12 CMakeFiles/Project.elf.dir/Lib/Src/stm32f10x_i2c.c.obj
                0x000000000800676c                I2C_Send7bitAddress
 .text.I2C_CheckEvent
                0x000000000800677e       0x1c CMakeFiles/Project.elf.dir/Lib/Src/stm32f10x_i2c.c.obj
                0x000000000800677e                I2C_CheckEvent
 .text.I2C_GetFlagStatus
                0x000000000800679a       0x38 CMakeFiles/Project.elf.dir/Lib/Src/stm32f10x_i2c.c.obj
                0x000000000800679a                I2C_GetFlagStatus
 *fill*         0x00000000080067d2        0x2 
 .text.RCC_GetClocksFreq
                0x00000000080067d4       0xbc CMakeFiles/Project.elf.dir/Lib/Src/stm32f10x_rcc.c.obj
                0x00000000080067d4                RCC_GetClocksFreq
 .text.RCC_APB2PeriphClockCmd
                0x0000000008006890       0x1c CMakeFiles/Project.elf.dir/Lib/Src/stm32f10x_rcc.c.obj
                0x0000000008006890                RCC_APB2PeriphClockCmd
 .text.RCC_APB1PeriphClockCmd
                0x00000000080068ac       0x1c CMakeFiles/Project.elf.dir/Lib/Src/stm32f10x_rcc.c.obj
                0x00000000080068ac                RCC_APB1PeriphClockCmd
 .text.RCC_APB1PeriphResetCmd
                0x00000000080068c8       0x1c CMakeFiles/Project.elf.dir/Lib/Src/stm32f10x_rcc.c.obj
                0x00000000080068c8                RCC_APB1PeriphResetCmd
 .text.USART_Init
                0x00000000080068e4       0xc4 CMakeFiles/Project.elf.dir/Lib/Src/stm32f10x_usart.c.obj
                0x00000000080068e4                USART_Init
 .text.USART_Cmd
                0x00000000080069a8       0x1c CMakeFiles/Project.elf.dir/Lib/Src/stm32f10x_usart.c.obj
                0x00000000080069a8                USART_Cmd
 .text.USART_ITConfig
                0x00000000080069c4       0x36 CMakeFiles/Project.elf.dir/Lib/Src/stm32f10x_usart.c.obj
                0x00000000080069c4                USART_ITConfig
 .text.USART_SendData
                0x00000000080069fa        0x8 CMakeFiles/Project.elf.dir/Lib/Src/stm32f10x_usart.c.obj
                0x00000000080069fa                USART_SendData
 .text.USART_ReceiveData
                0x0000000008006a02        0x8 CMakeFiles/Project.elf.dir/Lib/Src/stm32f10x_usart.c.obj
                0x0000000008006a02                USART_ReceiveData
 .text.USART_GetFlagStatus
                0x0000000008006a0a        0xe CMakeFiles/Project.elf.dir/Lib/Src/stm32f10x_usart.c.obj
                0x0000000008006a0a                USART_GetFlagStatus
 .text.USART_GetITStatus
                0x0000000008006a18       0x4a CMakeFiles/Project.elf.dir/Lib/Src/stm32f10x_usart.c.obj
                0x0000000008006a18                USART_GetITStatus
 .text.USART_ClearITPendingBit
                0x0000000008006a62       0x10 CMakeFiles/Project.elf.dir/Lib/Src/stm32f10x_usart.c.obj
                0x0000000008006a62                USART_ClearITPendingBit
 *fill*         0x0000000008006a72        0x2 
 .text.Reset_Handler
                0x0000000008006a74       0x44 CMakeFiles/Project.elf.dir/Project/Code-Cmake/startup_stm32f10x_md.s.obj
                0x0000000008006a74                Reset_Handler
 .text.Default_Handler
                0x0000000008006ab8        0x2 CMakeFiles/Project.elf.dir/Project/Code-Cmake/startup_stm32f10x_md.s.obj
                0x0000000008006ab8                EXTI2_IRQHandler
                0x0000000008006ab8                TIM1_CC_IRQHandler
                0x0000000008006ab8                PVD_IRQHandler
                0x0000000008006ab8                EXTI3_IRQHandler
                0x0000000008006ab8                EXTI0_IRQHandler
                0x0000000008006ab8                I2C2_EV_IRQHandler
                0x0000000008006ab8                ADC1_2_IRQHandler
                0x0000000008006ab8                SPI1_IRQHandler
                0x0000000008006ab8                TAMPER_IRQHandler
                0x0000000008006ab8                DMA1_Channel4_IRQHandler
                0x0000000008006ab8                USART3_IRQHandler
                0x0000000008006ab8                RTC_IRQHandler
                0x0000000008006ab8                DMA1_Channel7_IRQHandler
                0x0000000008006ab8                CAN1_RX1_IRQHandler
                0x0000000008006ab8                TIM4_IRQHandler
                0x0000000008006ab8                I2C1_EV_IRQHandler
                0x0000000008006ab8                DMA1_Channel6_IRQHandler
                0x0000000008006ab8                TIM3_IRQHandler
                0x0000000008006ab8                RCC_IRQHandler
                0x0000000008006ab8                TIM1_TRG_COM_IRQHandler
                0x0000000008006ab8                DMA1_Channel1_IRQHandler
                0x0000000008006ab8                Default_Handler
                0x0000000008006ab8                EXTI15_10_IRQHandler
                0x0000000008006ab8                EXTI9_5_IRQHandler
                0x0000000008006ab8                SPI2_IRQHandler
                0x0000000008006ab8                DMA1_Channel5_IRQHandler
                0x0000000008006ab8                EXTI4_IRQHandler
                0x0000000008006ab8                USB_LP_CAN1_RX0_IRQHandler
                0x0000000008006ab8                USB_HP_CAN1_TX_IRQHandler
                0x0000000008006ab8                DMA1_Channel3_IRQHandler
                0x0000000008006ab8                TIM1_UP_IRQHandler
                0x0000000008006ab8                WWDG_IRQHandler
                0x0000000008006ab8                TIM2_IRQHandler
                0x0000000008006ab8                TIM1_BRK_IRQHandler
                0x0000000008006ab8                EXTI1_IRQHandler
                0x0000000008006ab8                RTCAlarm_IRQHandler
                0x0000000008006ab8                I2C2_ER_IRQHandler
                0x0000000008006ab8                DMA1_Channel2_IRQHandler
                0x0000000008006ab8                CAN1_SCE_IRQHandler
                0x0000000008006ab8                FLASH_IRQHandler
                0x0000000008006ab8                I2C1_ER_IRQHandler
                0x0000000008006ab8                USBWakeUp_IRQHandler
 .text.NMI_Handler
                0x0000000008006aba        0x2 CMakeFiles/Project.elf.dir/Start/Src/stm32f10x_it.c.obj
                0x0000000008006aba                NMI_Handler
 .text.HardFault_Handler
                0x0000000008006abc        0x2 CMakeFiles/Project.elf.dir/Start/Src/stm32f10x_it.c.obj
                0x0000000008006abc                HardFault_Handler
 .text.MemManage_Handler
                0x0000000008006abe        0x2 CMakeFiles/Project.elf.dir/Start/Src/stm32f10x_it.c.obj
                0x0000000008006abe                MemManage_Handler
 .text.BusFault_Handler
                0x0000000008006ac0        0x2 CMakeFiles/Project.elf.dir/Start/Src/stm32f10x_it.c.obj
                0x0000000008006ac0                BusFault_Handler
 .text.UsageFault_Handler
                0x0000000008006ac2        0x2 CMakeFiles/Project.elf.dir/Start/Src/stm32f10x_it.c.obj
                0x0000000008006ac2                UsageFault_Handler
 .text.SVC_Handler
                0x0000000008006ac4        0x2 CMakeFiles/Project.elf.dir/Start/Src/stm32f10x_it.c.obj
                0x0000000008006ac4                SVC_Handler
 .text.DebugMon_Handler
                0x0000000008006ac6        0x2 CMakeFiles/Project.elf.dir/Start/Src/stm32f10x_it.c.obj
                0x0000000008006ac6                DebugMon_Handler
 .text.PendSV_Handler
                0x0000000008006ac8        0x2 CMakeFiles/Project.elf.dir/Start/Src/stm32f10x_it.c.obj
                0x0000000008006ac8                PendSV_Handler
 .text.SysTick_Handler
                0x0000000008006aca        0x2 CMakeFiles/Project.elf.dir/Start/Src/stm32f10x_it.c.obj
                0x0000000008006aca                SysTick_Handler
 .text.SetSysClockTo72
                0x0000000008006acc       0xc4 CMakeFiles/Project.elf.dir/Start/Src/system_stm32f10x.c.obj
 .text.SetSysClock
                0x0000000008006b90        0x8 CMakeFiles/Project.elf.dir/Start/Src/system_stm32f10x.c.obj
 .text.SystemInit
                0x0000000008006b98       0x50 CMakeFiles/Project.elf.dir/Start/Src/system_stm32f10x.c.obj
                0x0000000008006b98                SystemInit
 .text.Delay_us
                0x0000000008006be8       0x2a CMakeFiles/Project.elf.dir/System/Src/Delay.c.obj
                0x0000000008006be8                Delay_us
 .text.Delay_ms
                0x0000000008006c12       0x16 CMakeFiles/Project.elf.dir/System/Src/Delay.c.obj
                0x0000000008006c12                Delay_ms
 .text.Delay_s  0x0000000008006c28       0x16 CMakeFiles/Project.elf.dir/System/Src/Delay.c.obj
                0x0000000008006c28                Delay_s
 *fill*         0x0000000008006c3e        0x2 
 .text.main     0x0000000008006c40       0xf4 CMakeFiles/Project.elf.dir/User/main.c.obj
                0x0000000008006c40                main
 *(.glue_7)
 .glue_7        0x0000000008006d34        0x0 linker stubs
 *(.glue_7t)
 .glue_7t       0x0000000008006d34        0x0 linker stubs
 *(.eh_frame)
 .eh_frame      0x0000000008006d34        0x0 /usr/lib/gcc/arm-none-eabi/10.3.1/thumb/v7-m/nofp/crtbegin.o
 *(.init)
 .init          0x0000000008006d34        0x4 /usr/lib/gcc/arm-none-eabi/10.3.1/thumb/v7-m/nofp/crti.o
                0x0000000008006d34                _init
 .init          0x0000000008006d38        0x8 /usr/lib/gcc/arm-none-eabi/10.3.1/thumb/v7-m/nofp/crtn.o
 *(.fini)
 .fini          0x0000000008006d40        0x4 /usr/lib/gcc/arm-none-eabi/10.3.1/thumb/v7-m/nofp/crti.o
                0x0000000008006d40                _fini
 .fini          0x0000000008006d44        0x8 /usr/lib/gcc/arm-none-eabi/10.3.1/thumb/v7-m/nofp/crtn.o
                0x0000000008006d4c                . = ALIGN (0x4)
                0x0000000008006d4c                _etext = .

.vfp11_veneer   0x0000000008006d4c        0x0
 .vfp11_veneer  0x0000000008006d4c        0x0 linker stubs

.v4_bx          0x0000000008006d4c        0x0
 .v4_bx         0x0000000008006d4c        0x0 linker stubs

.iplt           0x0000000008006d4c        0x0
 .iplt          0x0000000008006d4c        0x0 /usr/lib/gcc/arm-none-eabi/10.3.1/thumb/v7-m/nofp/crtbegin.o

.rodata         0x0000000008006d50      0xcf8
                0x0000000008006d50                . = ALIGN (0x4)
 *(.rodata)
 .rodata        0x0000000008006d50        0x4 /usr/lib/gcc/arm-none-eabi/10.3.1/../../../arm-none-eabi/lib/thumb/v7-m/nofp/libc_nano.a(lib_a-impure.o)
                0x0000000008006d50                _global_impure_ptr
 .rodata        0x0000000008006d54       0x60 /usr/lib/gcc/arm-none-eabi/10.3.1/../../../arm-none-eabi/lib/thumb/v7-m/nofp/libc_nano.a(lib_a-findfp.o)
                0x0000000008006d54                __sf_fake_stderr
                0x0000000008006d74                __sf_fake_stdout
                0x0000000008006d94                __sf_fake_stdin
 *fill*         0x0000000008006db4        0x4 
 .rodata        0x0000000008006db8      0x128 /usr/lib/gcc/arm-none-eabi/10.3.1/../../../arm-none-eabi/lib/thumb/v7-m/nofp/libc_nano.a(lib_a-mprec.o)
                0x0000000008006dc8                __mprec_tens
                0x0000000008006e90                __mprec_tinytens
                0x0000000008006eb8                __mprec_bigtens
 .rodata        0x0000000008006ee0      0x101 /usr/lib/gcc/arm-none-eabi/10.3.1/../../../arm-none-eabi/lib/thumb/v7-m/nofp/libc_nano.a(lib_a-ctype_.o)
                0x0000000008006ee0                _ctype_
 *(.rodata*)
 *fill*         0x0000000008006fe1        0x3 
 .rodata.GPS_copy.str1.4
                0x0000000008006fe4       0x18 CMakeFiles/Project.elf.dir/Code/Src/GPS_Usart.c.obj
 .rodata.F6x8   0x0000000008006ffc      0x228 CMakeFiles/Project.elf.dir/Code/Src/I2COLED.c.obj
                0x0000000008006ffc                F6x8
 .rodata.F8X16  0x0000000008007224      0x5f0 CMakeFiles/Project.elf.dir/Code/Src/I2COLED.c.obj
                0x0000000008007224                F8X16
 .rodata.NBIOT_copy.str1.4
                0x0000000008007814       0x14 CMakeFiles/Project.elf.dir/Code/Src/NBIOT_Usart.c.obj
 .rodata.NB_IotConect.str1.4
                0x0000000008007828        0xf CMakeFiles/Project.elf.dir/Code/Src/nbiot.c.obj
 *fill*         0x0000000008007837        0x1 
 .rodata.NB_IoT_conect_send.str1.4
                0x0000000008007838       0x55 CMakeFiles/Project.elf.dir/Code/Src/nbiot.c.obj
 .rodata.nbiot_init.str1.4
                0x000000000800788d        0x4 CMakeFiles/Project.elf.dir/Code/Src/nbiot.c.obj
 *fill*         0x000000000800788d        0x3 
 .rodata.main.str1.4
                0x0000000008007890       0x77 CMakeFiles/Project.elf.dir/User/main.c.obj
 *fill*         0x0000000008007907        0x1 
 .rodata.str1.4
                0x0000000008007908       0x10 /usr/lib/gcc/arm-none-eabi/10.3.1/../../../arm-none-eabi/lib/thumb/v7-m/nofp/libc_nano.a(lib_a-nano-vfprintf_float.o)
                                         0x12 (size before relaxing)
 .rodata.str1.4
                0x0000000008007918       0x25 /usr/lib/gcc/arm-none-eabi/10.3.1/../../../arm-none-eabi/lib/thumb/v7-m/nofp/libc_nano.a(lib_a-nano-vfprintf_i.o)
 *fill*         0x000000000800793d        0x3 
 .rodata.str1.4
                0x0000000008007940       0x6d /usr/lib/gcc/arm-none-eabi/10.3.1/../../../arm-none-eabi/lib/thumb/v7-m/nofp/libc_nano.a(lib_a-dtoa.o)
                                         0x71 (size before relaxing)
 *fill*         0x00000000080079ad        0x3 
 .rodata.str1.4
                0x00000000080079b0       0x33 /usr/lib/gcc/arm-none-eabi/10.3.1/../../../arm-none-eabi/lib/thumb/v7-m/nofp/libc_nano.a(lib_a-mprec.o)
                                         0x5d (size before relaxing)
 *fill*         0x00000000080079e3        0x1 
 .rodata.str1.4
                0x00000000080079e4       0x13 /usr/lib/gcc/arm-none-eabi/10.3.1/../../../arm-none-eabi/lib/thumb/v7-m/nofp/libc_nano.a(lib_a-nano-svfprintf.o)
 .rodata.str1.4
                0x00000000080079f7       0x13 /usr/lib/gcc/arm-none-eabi/10.3.1/../../../arm-none-eabi/lib/thumb/v7-m/nofp/libc_nano.a(lib_a-nano-vfprintf.o)
 *fill*         0x00000000080079f7        0x1 
 .rodata.str1.4
                0x00000000080079f8       0x3f /usr/lib/gcc/arm-none-eabi/10.3.1/../../../arm-none-eabi/lib/thumb/v7-m/nofp/libc_nano.a(lib_a-assert.o)
                                         0x43 (size before relaxing)
 *fill*         0x0000000008007a37        0x1 
 .rodata.str1.4
                0x0000000008007a38        0xe /usr/lib/gcc/arm-none-eabi/10.3.1/../../../arm-none-eabi/lib/thumb/v7-m/nofp/libc_nano.a(lib_a-locale.o)
                                         0x12 (size before relaxing)
                0x0000000008007a48                . = ALIGN (0x4)
 *fill*         0x0000000008007a46        0x2 

.rel.dyn        0x0000000008007a48        0x0
 .rel.iplt      0x0000000008007a48        0x0 /usr/lib/gcc/arm-none-eabi/10.3.1/thumb/v7-m/nofp/crtbegin.o

.ARM.extab
 *(.ARM.extab* .gnu.linkonce.armextab.*)

.ARM            0x0000000008007a48        0x0
                0x0000000008007a48                __exidx_start = .
 *(.ARM.exidx*)
                0x0000000008007a48                __exidx_end = .

.preinit_array  0x0000000008007a48        0x0
                0x0000000008007a48                PROVIDE (__preinit_array_start = .)
 *(.preinit_array*)
                0x0000000008007a48                PROVIDE (__preinit_array_end = .)

.init_array     0x0000000008007a48        0x4
                0x0000000008007a48                PROVIDE (__init_array_start = .)
 *(SORT_BY_NAME(.init_array.*))
 *(.init_array*)
 .init_array    0x0000000008007a48        0x4 /usr/lib/gcc/arm-none-eabi/10.3.1/thumb/v7-m/nofp/crtbegin.o
                0x0000000008007a4c                PROVIDE (__init_array_end = .)

.fini_array     0x0000000008007a4c        0x4
                0x0000000008007a4c                PROVIDE (__fini_array_start = .)
 *(SORT_BY_NAME(.fini_array.*))
 *(.fini_array*)
 .fini_array    0x0000000008007a4c        0x4 /usr/lib/gcc/arm-none-eabi/10.3.1/thumb/v7-m/nofp/crtbegin.o
                0x0000000008007a50                PROVIDE (__fini_array_end = .)
                0x0000000008007a50                _sidata = LOADADDR (.data)

.data           0x0000000020000000      0x1e4 load address 0x0000000008007a50
                0x0000000020000000                . = ALIGN (0x4)
                0x0000000020000000                _sdata = .
 *(.data)
 .data          0x0000000020000000       0x64 /usr/lib/gcc/arm-none-eabi/10.3.1/../../../arm-none-eabi/lib/thumb/v7-m/nofp/libc_nano.a(lib_a-impure.o)
                0x0000000020000000                _impure_ptr
 .data          0x0000000020000064      0x16c /usr/lib/gcc/arm-none-eabi/10.3.1/../../../arm-none-eabi/lib/thumb/v7-m/nofp/libc_nano.a(lib_a-locale.o)
                0x0000000020000064                __global_locale
 *(.data*)
 .data.ADCPrescTable
                0x00000000200001d0        0x4 CMakeFiles/Project.elf.dir/Lib/Src/stm32f10x_rcc.c.obj
 .data.APBAHBPrescTable
                0x00000000200001d4       0x10 CMakeFiles/Project.elf.dir/Lib/Src/stm32f10x_rcc.c.obj
                0x00000000200001e4                . = ALIGN (0x4)
                0x00000000200001e4                _edata = .

.tm_clone_table
                0x00000000200001e4        0x0 load address 0x0000000008007c34
 .tm_clone_table
                0x00000000200001e4        0x0 /usr/lib/gcc/arm-none-eabi/10.3.1/thumb/v7-m/nofp/crtbegin.o
 .tm_clone_table
                0x00000000200001e4        0x0 /usr/lib/gcc/arm-none-eabi/10.3.1/thumb/v7-m/nofp/crtend.o

.igot.plt       0x00000000200001e4        0x0 load address 0x0000000008007c34
 .igot.plt      0x00000000200001e4        0x0 /usr/lib/gcc/arm-none-eabi/10.3.1/thumb/v7-m/nofp/crtbegin.o
                0x00000000200001e4                . = ALIGN (0x4)

.bss            0x00000000200001e4      0x6a0 load address 0x0000000008007c34
                0x00000000200001e4                _sbss = .
                0x00000000200001e4                __bss_start__ = _sbss
 *(.bss)
 .bss           0x00000000200001e4       0x1c /usr/lib/gcc/arm-none-eabi/10.3.1/thumb/v7-m/nofp/crtbegin.o
 .bss           0x0000000020000200        0x8 /usr/lib/gcc/arm-none-eabi/10.3.1/../../../arm-none-eabi/lib/thumb/v7-m/nofp/libc_nano.a(lib_a-nano-mallocr.o)
                0x0000000020000200                __malloc_free_list
                0x0000000020000204                __malloc_sbrk_start
 .bss           0x0000000020000208        0x4 /usr/lib/gcc/arm-none-eabi/10.3.1/../../../arm-none-eabi/lib/thumb/v7-m/nofp/libc_nano.a(lib_a-reent.o)
                0x0000000020000208                errno
 .bss           0x000000002000020c        0x4 /usr/lib/gcc/arm-none-eabi/10.3.1/../../../arm-none-eabi/lib/thumb/v7-m/nofp/libnosys.a(sbrk.o)
 *(.bss*)
 .bss.GNGGA_Packet
                0x0000000020000210       0x64 CMakeFiles/Project.elf.dir/Code/Src/GPS_Usart.c.obj
                0x0000000020000210                GNGGA_Packet
 .bss.GNGLL_Packet
                0x0000000020000274       0x64 CMakeFiles/Project.elf.dir/Code/Src/GPS_Usart.c.obj
                0x0000000020000274                GNGLL_Packet
 .bss.GNZDA_Packet
                0x00000000200002d8       0x64 CMakeFiles/Project.elf.dir/Code/Src/GPS_Usart.c.obj
                0x00000000200002d8                GNZDA_Packet
 .bss.RxState.1
                0x000000002000033c        0x1 CMakeFiles/Project.elf.dir/Code/Src/GPS_Usart.c.obj
 .bss.USART2_RxFlag
                0x000000002000033d        0x1 CMakeFiles/Project.elf.dir/Code/Src/GPS_Usart.c.obj
                0x000000002000033d                USART2_RxFlag
 *fill*         0x000000002000033e        0x2 
 .bss.USART2_RxPacket
                0x0000000020000340       0x64 CMakeFiles/Project.elf.dir/Code/Src/GPS_Usart.c.obj
                0x0000000020000340                USART2_RxPacket
 .bss.pRxPacket.0
                0x00000000200003a4        0x1 CMakeFiles/Project.elf.dir/Code/Src/GPS_Usart.c.obj
 *fill*         0x00000000200003a5        0x3 
 .bss.CEREG_Packet
                0x00000000200003a8        0xa CMakeFiles/Project.elf.dir/Code/Src/NBIOT_Usart.c.obj
                0x00000000200003a8                CEREG_Packet
 *fill*         0x00000000200003b2        0x2 
 .bss.CIMI_Packet
                0x00000000200003b4       0x64 CMakeFiles/Project.elf.dir/Code/Src/NBIOT_Usart.c.obj
                0x00000000200003b4                CIMI_Packet
 .bss.CSQ_Packet
                0x0000000020000418        0xa CMakeFiles/Project.elf.dir/Code/Src/NBIOT_Usart.c.obj
                0x0000000020000418                CSQ_Packet
 *fill*         0x0000000020000422        0x2 
 .bss.IP_Packet
                0x0000000020000424        0xa CMakeFiles/Project.elf.dir/Code/Src/NBIOT_Usart.c.obj
                0x0000000020000424                IP_Packet
 .bss.RxState.1
                0x000000002000042e        0x1 CMakeFiles/Project.elf.dir/Code/Src/NBIOT_Usart.c.obj
 .bss.USART1_RxFlag
                0x000000002000042f        0x1 CMakeFiles/Project.elf.dir/Code/Src/NBIOT_Usart.c.obj
                0x000000002000042f                USART1_RxFlag
 .bss.USART1_RxPacket
                0x0000000020000430       0x64 CMakeFiles/Project.elf.dir/Code/Src/NBIOT_Usart.c.obj
                0x0000000020000430                USART1_RxPacket
 .bss.pRxPacket.0
                0x0000000020000494        0x1 CMakeFiles/Project.elf.dir/Code/Src/NBIOT_Usart.c.obj
 .bss.ERROR_FLAG
                0x0000000020000495        0x1 CMakeFiles/Project.elf.dir/Code/Src/nbiot.c.obj
                0x0000000020000495                ERROR_FLAG
 *fill*         0x0000000020000496        0x2 
 .bss.DATA      0x0000000020000498      0x1f4 CMakeFiles/Project.elf.dir/User/main.c.obj
                0x0000000020000498                DATA
 .bss.SEND_DATA
                0x000000002000068c      0x1f4 CMakeFiles/Project.elf.dir/User/main.c.obj
                0x000000002000068c                SEND_DATA
 .bss.temp      0x0000000020000880        0x4 CMakeFiles/Project.elf.dir/User/main.c.obj
                0x0000000020000880                temp
 *(COMMON)
                0x0000000020000884                . = ALIGN (0x4)
                0x0000000020000884                _ebss = .
                0x0000000020000884                __bss_end__ = _ebss

._user_heap_stack
                0x0000000020000884      0x604 load address 0x0000000008007c34
                0x0000000020000888                . = ALIGN (0x8)
 *fill*         0x0000000020000884        0x4 
                0x0000000020000888                PROVIDE (end = .)
                [!provide]                        PROVIDE (_end = .)
                0x0000000020000a88                . = (. + _Min_Heap_Size)
 *fill*         0x0000000020000888      0x200 
                0x0000000020000e88                . = (. + _Min_Stack_Size)
 *fill*         0x0000000020000a88      0x400 
                0x0000000020000e88                . = ALIGN (0x8)

/DISCARD/
 libc.a(*)
 libm.a(*)
 libgcc.a(*)

.ARM.attributes
                0x0000000000000000       0x29
 *(.ARM.attributes)
 .ARM.attributes
                0x0000000000000000       0x1d /usr/lib/gcc/arm-none-eabi/10.3.1/thumb/v7-m/nofp/crti.o
 .ARM.attributes
                0x000000000000001d       0x2d /usr/lib/gcc/arm-none-eabi/10.3.1/thumb/v7-m/nofp/crtbegin.o
 .ARM.attributes
                0x000000000000004a       0x2d CMakeFiles/Project.elf.dir/Code/Src/GPS.c.obj
 .ARM.attributes
                0x0000000000000077       0x2d CMakeFiles/Project.elf.dir/Code/Src/GPS_Usart.c.obj
 .ARM.attributes
                0x00000000000000a4       0x2d CMakeFiles/Project.elf.dir/Code/Src/I2COLED.c.obj
 .ARM.attributes
                0x00000000000000d1       0x2d CMakeFiles/Project.elf.dir/Code/Src/NBIOT_Usart.c.obj
 .ARM.attributes
                0x00000000000000fe       0x2d CMakeFiles/Project.elf.dir/Code/Src/OLED.c.obj
 .ARM.attributes
                0x000000000000012b       0x2d CMakeFiles/Project.elf.dir/Code/Src/OneWrite.c.obj
 .ARM.attributes
                0x0000000000000158       0x2d CMakeFiles/Project.elf.dir/Code/Src/Usart.c.obj
 .ARM.attributes
                0x0000000000000185       0x2d CMakeFiles/Project.elf.dir/Code/Src/nbiot.c.obj
 .ARM.attributes
                0x00000000000001b2       0x2d CMakeFiles/Project.elf.dir/Lib/Src/misc.c.obj
 .ARM.attributes
                0x00000000000001df       0x2d CMakeFiles/Project.elf.dir/Lib/Src/stm32f10x_gpio.c.obj
 .ARM.attributes
                0x000000000000020c       0x2d CMakeFiles/Project.elf.dir/Lib/Src/stm32f10x_i2c.c.obj
 .ARM.attributes
                0x0000000000000239       0x2d CMakeFiles/Project.elf.dir/Lib/Src/stm32f10x_rcc.c.obj
 .ARM.attributes
                0x0000000000000266       0x2d CMakeFiles/Project.elf.dir/Lib/Src/stm32f10x_usart.c.obj
 .ARM.attributes
                0x0000000000000293       0x21 CMakeFiles/Project.elf.dir/Project/Code-Cmake/startup_stm32f10x_md.s.obj
 .ARM.attributes
                0x00000000000002b4       0x2d CMakeFiles/Project.elf.dir/Start/Src/stm32f10x_it.c.obj
 .ARM.attributes
                0x00000000000002e1       0x2d CMakeFiles/Project.elf.dir/Start/Src/system_stm32f10x.c.obj
 .ARM.attributes
                0x000000000000030e       0x2d CMakeFiles/Project.elf.dir/System/Src/Delay.c.obj
 .ARM.attributes
                0x000000000000033b       0x2d CMakeFiles/Project.elf.dir/User/main.c.obj
 .ARM.attributes
                0x0000000000000368       0x1d /usr/lib/gcc/arm-none-eabi/10.3.1/thumb/v7-m/nofp/libgcc.a(_arm_addsubdf3.o)
 .ARM.attributes
                0x0000000000000385       0x1d /usr/lib/gcc/arm-none-eabi/10.3.1/thumb/v7-m/nofp/libgcc.a(_arm_muldivdf3.o)
 .ARM.attributes
                0x00000000000003a2       0x1d /usr/lib/gcc/arm-none-eabi/10.3.1/thumb/v7-m/nofp/libgcc.a(_arm_truncdfsf2.o)
 .ARM.attributes
                0x00000000000003bf       0x1d /usr/lib/gcc/arm-none-eabi/10.3.1/thumb/v7-m/nofp/libgcc.a(_arm_addsubsf3.o)
 .ARM.attributes
                0x00000000000003dc       0x2d /usr/lib/gcc/arm-none-eabi/10.3.1/../../../arm-none-eabi/lib/thumb/v7-m/nofp/libc_nano.a(lib_a-impure.o)
 .ARM.attributes
                0x0000000000000409       0x2d /usr/lib/gcc/arm-none-eabi/10.3.1/../../../arm-none-eabi/lib/thumb/v7-m/nofp/libc_nano.a(lib_a-memset.o)
 .ARM.attributes
                0x0000000000000436       0x2d /usr/lib/gcc/arm-none-eabi/10.3.1/../../../arm-none-eabi/lib/thumb/v7-m/nofp/libc_nano.a(lib_a-nano-vfprintf_float.o)
 .ARM.attributes
                0x0000000000000463       0x2d /usr/lib/gcc/arm-none-eabi/10.3.1/../../../arm-none-eabi/lib/thumb/v7-m/nofp/libc_nano.a(lib_a-nano-vfprintf_i.o)
 .ARM.attributes
                0x0000000000000490       0x2d /usr/lib/gcc/arm-none-eabi/10.3.1/../../../arm-none-eabi/lib/thumb/v7-m/nofp/libc_nano.a(lib_a-printf.o)
 .ARM.attributes
                0x00000000000004bd       0x2d /usr/lib/gcc/arm-none-eabi/10.3.1/../../../arm-none-eabi/lib/thumb/v7-m/nofp/libc_nano.a(lib_a-puts.o)
 .ARM.attributes
                0x00000000000004ea       0x2d /usr/lib/gcc/arm-none-eabi/10.3.1/../../../arm-none-eabi/lib/thumb/v7-m/nofp/libc_nano.a(lib_a-sprintf.o)
 .ARM.attributes
                0x0000000000000517       0x2d /usr/lib/gcc/arm-none-eabi/10.3.1/../../../arm-none-eabi/lib/thumb/v7-m/nofp/libc_nano.a(lib_a-strcpy.o)
 .ARM.attributes
                0x0000000000000544       0x2d /usr/lib/gcc/arm-none-eabi/10.3.1/../../../arm-none-eabi/lib/thumb/v7-m/nofp/libc_nano.a(lib_a-strlen-stub.o)
 .ARM.attributes
                0x0000000000000571       0x2d /usr/lib/gcc/arm-none-eabi/10.3.1/../../../arm-none-eabi/lib/thumb/v7-m/nofp/libc_nano.a(lib_a-strstr.o)
 .ARM.attributes
                0x000000000000059e       0x2d /usr/lib/gcc/arm-none-eabi/10.3.1/../../../arm-none-eabi/lib/thumb/v7-m/nofp/libc_nano.a(lib_a-wbuf.o)
 .ARM.attributes
                0x00000000000005cb       0x2d /usr/lib/gcc/arm-none-eabi/10.3.1/../../../arm-none-eabi/lib/thumb/v7-m/nofp/libc_nano.a(lib_a-wsetup.o)
 .ARM.attributes
                0x00000000000005f8       0x2d /usr/lib/gcc/arm-none-eabi/10.3.1/../../../arm-none-eabi/lib/thumb/v7-m/nofp/libc_nano.a(lib_a-dtoa.o)
 .ARM.attributes
                0x0000000000000625       0x2d /usr/lib/gcc/arm-none-eabi/10.3.1/../../../arm-none-eabi/lib/thumb/v7-m/nofp/libc_nano.a(lib_a-fflush.o)
 .ARM.attributes
                0x0000000000000652       0x2d /usr/lib/gcc/arm-none-eabi/10.3.1/../../../arm-none-eabi/lib/thumb/v7-m/nofp/libc_nano.a(lib_a-findfp.o)
 .ARM.attributes
                0x000000000000067f       0x2d /usr/lib/gcc/arm-none-eabi/10.3.1/../../../arm-none-eabi/lib/thumb/v7-m/nofp/libc_nano.a(lib_a-fwalk.o)
 .ARM.attributes
                0x00000000000006ac       0x2d /usr/lib/gcc/arm-none-eabi/10.3.1/../../../arm-none-eabi/lib/thumb/v7-m/nofp/libc_nano.a(lib_a-localeconv.o)
 .ARM.attributes
                0x00000000000006d9       0x2d /usr/lib/gcc/arm-none-eabi/10.3.1/../../../arm-none-eabi/lib/thumb/v7-m/nofp/libc_nano.a(lib_a-makebuf.o)
 .ARM.attributes
                0x0000000000000706       0x2d /usr/lib/gcc/arm-none-eabi/10.3.1/../../../arm-none-eabi/lib/thumb/v7-m/nofp/libc_nano.a(lib_a-malloc.o)
 .ARM.attributes
                0x0000000000000733       0x2d /usr/lib/gcc/arm-none-eabi/10.3.1/../../../arm-none-eabi/lib/thumb/v7-m/nofp/libc_nano.a(lib_a-memchr-stub.o)
 .ARM.attributes
                0x0000000000000760       0x2d /usr/lib/gcc/arm-none-eabi/10.3.1/../../../arm-none-eabi/lib/thumb/v7-m/nofp/libc_nano.a(lib_a-memcmp.o)
 .ARM.attributes
                0x000000000000078d       0x1b /usr/lib/gcc/arm-none-eabi/10.3.1/../../../arm-none-eabi/lib/thumb/v7-m/nofp/libc_nano.a(lib_a-memcpy.o)
 .ARM.attributes
                0x00000000000007a8       0x2d /usr/lib/gcc/arm-none-eabi/10.3.1/../../../arm-none-eabi/lib/thumb/v7-m/nofp/libc_nano.a(lib_a-mprec.o)
 .ARM.attributes
                0x00000000000007d5       0x2d /usr/lib/gcc/arm-none-eabi/10.3.1/../../../arm-none-eabi/lib/thumb/v7-m/nofp/libc_nano.a(lib_a-nano-callocr.o)
 .ARM.attributes
                0x0000000000000802       0x2d /usr/lib/gcc/arm-none-eabi/10.3.1/../../../arm-none-eabi/lib/thumb/v7-m/nofp/libc_nano.a(lib_a-nano-freer.o)
 .ARM.attributes
                0x000000000000082f       0x2d /usr/lib/gcc/arm-none-eabi/10.3.1/../../../arm-none-eabi/lib/thumb/v7-m/nofp/libc_nano.a(lib_a-nano-mallocr.o)
 .ARM.attributes
                0x000000000000085c       0x2d /usr/lib/gcc/arm-none-eabi/10.3.1/../../../arm-none-eabi/lib/thumb/v7-m/nofp/libc_nano.a(lib_a-nano-svfprintf.o)
 .ARM.attributes
                0x0000000000000889       0x2d /usr/lib/gcc/arm-none-eabi/10.3.1/../../../arm-none-eabi/lib/thumb/v7-m/nofp/libc_nano.a(lib_a-nano-vfprintf.o)
 .ARM.attributes
                0x00000000000008b6       0x2d /usr/lib/gcc/arm-none-eabi/10.3.1/../../../arm-none-eabi/lib/thumb/v7-m/nofp/libc_nano.a(lib_a-sbrkr.o)
 .ARM.attributes
                0x00000000000008e3       0x2d /usr/lib/gcc/arm-none-eabi/10.3.1/../../../arm-none-eabi/lib/thumb/v7-m/nofp/libc_nano.a(lib_a-stdio.o)
 .ARM.attributes
                0x0000000000000910       0x2d /usr/lib/gcc/arm-none-eabi/10.3.1/../../../arm-none-eabi/lib/thumb/v7-m/nofp/libc_nano.a(lib_a-strchr.o)
 .ARM.attributes
                0x000000000000093d       0x2d /usr/lib/gcc/arm-none-eabi/10.3.1/../../../arm-none-eabi/lib/thumb/v7-m/nofp/libc_nano.a(lib_a-strnlen.o)
 .ARM.attributes
                0x000000000000096a       0x2d /usr/lib/gcc/arm-none-eabi/10.3.1/../../../arm-none-eabi/lib/thumb/v7-m/nofp/libc_nano.a(lib_a-writer.o)
 .ARM.attributes
                0x0000000000000997       0x2d /usr/lib/gcc/arm-none-eabi/10.3.1/../../../arm-none-eabi/lib/thumb/v7-m/nofp/libc_nano.a(lib_a-assert.o)
 .ARM.attributes
                0x00000000000009c4       0x2d /usr/lib/gcc/arm-none-eabi/10.3.1/../../../arm-none-eabi/lib/thumb/v7-m/nofp/libc_nano.a(lib_a-closer.o)
 .ARM.attributes
                0x00000000000009f1       0x2d /usr/lib/gcc/arm-none-eabi/10.3.1/../../../arm-none-eabi/lib/thumb/v7-m/nofp/libc_nano.a(lib_a-fprintf.o)
 .ARM.attributes
                0x0000000000000a1e       0x2d /usr/lib/gcc/arm-none-eabi/10.3.1/../../../arm-none-eabi/lib/thumb/v7-m/nofp/libc_nano.a(lib_a-fstatr.o)
 .ARM.attributes
                0x0000000000000a4b       0x2d /usr/lib/gcc/arm-none-eabi/10.3.1/../../../arm-none-eabi/lib/thumb/v7-m/nofp/libc_nano.a(lib_a-fvwrite.o)
 .ARM.attributes
                0x0000000000000a78       0x2d /usr/lib/gcc/arm-none-eabi/10.3.1/../../../arm-none-eabi/lib/thumb/v7-m/nofp/libc_nano.a(lib_a-isattyr.o)
 .ARM.attributes
                0x0000000000000aa5       0x2d /usr/lib/gcc/arm-none-eabi/10.3.1/../../../arm-none-eabi/lib/thumb/v7-m/nofp/libc_nano.a(lib_a-locale.o)
 .ARM.attributes
                0x0000000000000ad2       0x2d /usr/lib/gcc/arm-none-eabi/10.3.1/../../../arm-none-eabi/lib/thumb/v7-m/nofp/libc_nano.a(lib_a-lseekr.o)
 .ARM.attributes
                0x0000000000000aff       0x2d /usr/lib/gcc/arm-none-eabi/10.3.1/../../../arm-none-eabi/lib/thumb/v7-m/nofp/libc_nano.a(lib_a-mbtowc_r.o)
 .ARM.attributes
                0x0000000000000b2c       0x2d /usr/lib/gcc/arm-none-eabi/10.3.1/../../../arm-none-eabi/lib/thumb/v7-m/nofp/libc_nano.a(lib_a-memmove.o)
 .ARM.attributes
                0x0000000000000b59       0x2d /usr/lib/gcc/arm-none-eabi/10.3.1/../../../arm-none-eabi/lib/thumb/v7-m/nofp/libc_nano.a(lib_a-mlock.o)
 .ARM.attributes
                0x0000000000000b86       0x2d /usr/lib/gcc/arm-none-eabi/10.3.1/../../../arm-none-eabi/lib/thumb/v7-m/nofp/libc_nano.a(lib_a-nano-reallocr.o)
 .ARM.attributes
                0x0000000000000bb3       0x2d /usr/lib/gcc/arm-none-eabi/10.3.1/../../../arm-none-eabi/lib/thumb/v7-m/nofp/libc_nano.a(lib_a-readr.o)
 .ARM.attributes
                0x0000000000000be0       0x2d /usr/lib/gcc/arm-none-eabi/10.3.1/../../../arm-none-eabi/lib/thumb/v7-m/nofp/libc_nano.a(lib_a-reent.o)
 .ARM.attributes
                0x0000000000000c0d       0x2d /usr/lib/gcc/arm-none-eabi/10.3.1/../../../arm-none-eabi/lib/thumb/v7-m/nofp/libc_nano.a(lib_a-wctomb_r.o)
 .ARM.attributes
                0x0000000000000c3a       0x2d /usr/lib/gcc/arm-none-eabi/10.3.1/../../../arm-none-eabi/lib/thumb/v7-m/nofp/libc_nano.a(lib_a-abort.o)
 .ARM.attributes
                0x0000000000000c67       0x2d /usr/lib/gcc/arm-none-eabi/10.3.1/../../../arm-none-eabi/lib/thumb/v7-m/nofp/libc_nano.a(lib_a-ctype_.o)
 .ARM.attributes
                0x0000000000000c94       0x2d /usr/lib/gcc/arm-none-eabi/10.3.1/../../../arm-none-eabi/lib/thumb/v7-m/nofp/libc_nano.a(lib_a-nano-msizer.o)
 .ARM.attributes
                0x0000000000000cc1       0x2d /usr/lib/gcc/arm-none-eabi/10.3.1/../../../arm-none-eabi/lib/thumb/v7-m/nofp/libc_nano.a(lib_a-signal.o)
 .ARM.attributes
                0x0000000000000cee       0x2d /usr/lib/gcc/arm-none-eabi/10.3.1/../../../arm-none-eabi/lib/thumb/v7-m/nofp/libc_nano.a(lib_a-signalr.o)
 .ARM.attributes
                0x0000000000000d1b       0x1d /usr/lib/gcc/arm-none-eabi/10.3.1/thumb/v7-m/nofp/libgcc.a(_arm_cmpdf2.o)
 .ARM.attributes
                0x0000000000000d38       0x1d /usr/lib/gcc/arm-none-eabi/10.3.1/thumb/v7-m/nofp/libgcc.a(_arm_unorddf2.o)
 .ARM.attributes
                0x0000000000000d55       0x1d /usr/lib/gcc/arm-none-eabi/10.3.1/thumb/v7-m/nofp/libgcc.a(_arm_fixdfsi.o)
 .ARM.attributes
                0x0000000000000d72       0x2d /usr/lib/gcc/arm-none-eabi/10.3.1/../../../arm-none-eabi/lib/thumb/v7-m/nofp/libnosys.a(close.o)
 .ARM.attributes
                0x0000000000000d9f       0x2d /usr/lib/gcc/arm-none-eabi/10.3.1/../../../arm-none-eabi/lib/thumb/v7-m/nofp/libnosys.a(fstat.o)
 .ARM.attributes
                0x0000000000000dcc       0x2d /usr/lib/gcc/arm-none-eabi/10.3.1/../../../arm-none-eabi/lib/thumb/v7-m/nofp/libnosys.a(getpid.o)
 .ARM.attributes
                0x0000000000000df9       0x2d /usr/lib/gcc/arm-none-eabi/10.3.1/../../../arm-none-eabi/lib/thumb/v7-m/nofp/libnosys.a(isatty.o)
 .ARM.attributes
                0x0000000000000e26       0x2d /usr/lib/gcc/arm-none-eabi/10.3.1/../../../arm-none-eabi/lib/thumb/v7-m/nofp/libnosys.a(kill.o)
 .ARM.attributes
                0x0000000000000e53       0x2d /usr/lib/gcc/arm-none-eabi/10.3.1/../../../arm-none-eabi/lib/thumb/v7-m/nofp/libnosys.a(lseek.o)
 .ARM.attributes
                0x0000000000000e80       0x2d /usr/lib/gcc/arm-none-eabi/10.3.1/../../../arm-none-eabi/lib/thumb/v7-m/nofp/libnosys.a(read.o)
 .ARM.attributes
                0x0000000000000ead       0x2d /usr/lib/gcc/arm-none-eabi/10.3.1/../../../arm-none-eabi/lib/thumb/v7-m/nofp/libnosys.a(sbrk.o)
 .ARM.attributes
                0x0000000000000eda       0x2d /usr/lib/gcc/arm-none-eabi/10.3.1/../../../arm-none-eabi/lib/thumb/v7-m/nofp/libnosys.a(_exit.o)
 .ARM.attributes
                0x0000000000000f07       0x2d /usr/lib/gcc/arm-none-eabi/10.3.1/thumb/v7-m/nofp/crtend.o
 .ARM.attributes
                0x0000000000000f34       0x1d /usr/lib/gcc/arm-none-eabi/10.3.1/thumb/v7-m/nofp/crtn.o
OUTPUT(Project.elf elf32-littlearm)
LOAD linker stubs
LOAD /usr/lib/gcc/arm-none-eabi/10.3.1/../../../arm-none-eabi/lib/thumb/v7-m/nofp/libc.a
LOAD /usr/lib/gcc/arm-none-eabi/10.3.1/../../../arm-none-eabi/lib/thumb/v7-m/nofp/libm.a
LOAD /usr/lib/gcc/arm-none-eabi/10.3.1/thumb/v7-m/nofp/libgcc.a

.comment        0x0000000000000000       0x33
 .comment       0x0000000000000000       0x33 /usr/lib/gcc/arm-none-eabi/10.3.1/thumb/v7-m/nofp/crtbegin.o
                                         0x34 (size before relaxing)
 .comment       0x0000000000000033       0x34 CMakeFiles/Project.elf.dir/Code/Src/GPS.c.obj
 .comment       0x0000000000000033       0x34 CMakeFiles/Project.elf.dir/Code/Src/GPS_Usart.c.obj
 .comment       0x0000000000000033       0x34 CMakeFiles/Project.elf.dir/Code/Src/I2COLED.c.obj
 .comment       0x0000000000000033       0x34 CMakeFiles/Project.elf.dir/Code/Src/NBIOT_Usart.c.obj
 .comment       0x0000000000000033       0x34 CMakeFiles/Project.elf.dir/Code/Src/OLED.c.obj
 .comment       0x0000000000000033       0x34 CMakeFiles/Project.elf.dir/Code/Src/OneWrite.c.obj
 .comment       0x0000000000000033       0x34 CMakeFiles/Project.elf.dir/Code/Src/Usart.c.obj
 .comment       0x0000000000000033       0x34 CMakeFiles/Project.elf.dir/Code/Src/nbiot.c.obj
 .comment       0x0000000000000033       0x34 CMakeFiles/Project.elf.dir/Lib/Src/misc.c.obj
 .comment       0x0000000000000033       0x34 CMakeFiles/Project.elf.dir/Lib/Src/stm32f10x_gpio.c.obj
 .comment       0x0000000000000033       0x34 CMakeFiles/Project.elf.dir/Lib/Src/stm32f10x_i2c.c.obj
 .comment       0x0000000000000033       0x34 CMakeFiles/Project.elf.dir/Lib/Src/stm32f10x_rcc.c.obj
 .comment       0x0000000000000033       0x34 CMakeFiles/Project.elf.dir/Lib/Src/stm32f10x_usart.c.obj
 .comment       0x0000000000000033       0x34 CMakeFiles/Project.elf.dir/Start/Src/stm32f10x_it.c.obj
 .comment       0x0000000000000033       0x34 CMakeFiles/Project.elf.dir/Start/Src/system_stm32f10x.c.obj
 .comment       0x0000000000000033       0x34 CMakeFiles/Project.elf.dir/System/Src/Delay.c.obj
 .comment       0x0000000000000033       0x34 CMakeFiles/Project.elf.dir/User/main.c.obj
 .comment       0x0000000000000033       0x34 /usr/lib/gcc/arm-none-eabi/10.3.1/../../../arm-none-eabi/lib/thumb/v7-m/nofp/libc_nano.a(lib_a-impure.o)
 .comment       0x0000000000000033       0x34 /usr/lib/gcc/arm-none-eabi/10.3.1/../../../arm-none-eabi/lib/thumb/v7-m/nofp/libc_nano.a(lib_a-memset.o)
 .comment       0x0000000000000033       0x34 /usr/lib/gcc/arm-none-eabi/10.3.1/../../../arm-none-eabi/lib/thumb/v7-m/nofp/libc_nano.a(lib_a-nano-vfprintf_float.o)
 .comment       0x0000000000000033       0x34 /usr/lib/gcc/arm-none-eabi/10.3.1/../../../arm-none-eabi/lib/thumb/v7-m/nofp/libc_nano.a(lib_a-nano-vfprintf_i.o)
 .comment       0x0000000000000033       0x34 /usr/lib/gcc/arm-none-eabi/10.3.1/../../../arm-none-eabi/lib/thumb/v7-m/nofp/libc_nano.a(lib_a-printf.o)
 .comment       0x0000000000000033       0x34 /usr/lib/gcc/arm-none-eabi/10.3.1/../../../arm-none-eabi/lib/thumb/v7-m/nofp/libc_nano.a(lib_a-puts.o)
 .comment       0x0000000000000033       0x34 /usr/lib/gcc/arm-none-eabi/10.3.1/../../../arm-none-eabi/lib/thumb/v7-m/nofp/libc_nano.a(lib_a-sprintf.o)
 .comment       0x0000000000000033       0x34 /usr/lib/gcc/arm-none-eabi/10.3.1/../../../arm-none-eabi/lib/thumb/v7-m/nofp/libc_nano.a(lib_a-strcpy.o)
 .comment       0x0000000000000033       0x34 /usr/lib/gcc/arm-none-eabi/10.3.1/../../../arm-none-eabi/lib/thumb/v7-m/nofp/libc_nano.a(lib_a-strlen-stub.o)
 .comment       0x0000000000000033       0x34 /usr/lib/gcc/arm-none-eabi/10.3.1/../../../arm-none-eabi/lib/thumb/v7-m/nofp/libc_nano.a(lib_a-strstr.o)
 .comment       0x0000000000000033       0x34 /usr/lib/gcc/arm-none-eabi/10.3.1/../../../arm-none-eabi/lib/thumb/v7-m/nofp/libc_nano.a(lib_a-wbuf.o)
 .comment       0x0000000000000033       0x34 /usr/lib/gcc/arm-none-eabi/10.3.1/../../../arm-none-eabi/lib/thumb/v7-m/nofp/libc_nano.a(lib_a-wsetup.o)
 .comment       0x0000000000000033       0x34 /usr/lib/gcc/arm-none-eabi/10.3.1/../../../arm-none-eabi/lib/thumb/v7-m/nofp/libc_nano.a(lib_a-dtoa.o)
 .comment       0x0000000000000033       0x34 /usr/lib/gcc/arm-none-eabi/10.3.1/../../../arm-none-eabi/lib/thumb/v7-m/nofp/libc_nano.a(lib_a-fflush.o)
 .comment       0x0000000000000033       0x34 /usr/lib/gcc/arm-none-eabi/10.3.1/../../../arm-none-eabi/lib/thumb/v7-m/nofp/libc_nano.a(lib_a-findfp.o)
 .comment       0x0000000000000033       0x34 /usr/lib/gcc/arm-none-eabi/10.3.1/../../../arm-none-eabi/lib/thumb/v7-m/nofp/libc_nano.a(lib_a-fwalk.o)
 .comment       0x0000000000000033       0x34 /usr/lib/gcc/arm-none-eabi/10.3.1/../../../arm-none-eabi/lib/thumb/v7-m/nofp/libc_nano.a(lib_a-localeconv.o)
 .comment       0x0000000000000033       0x34 /usr/lib/gcc/arm-none-eabi/10.3.1/../../../arm-none-eabi/lib/thumb/v7-m/nofp/libc_nano.a(lib_a-makebuf.o)
 .comment       0x0000000000000033       0x34 /usr/lib/gcc/arm-none-eabi/10.3.1/../../../arm-none-eabi/lib/thumb/v7-m/nofp/libc_nano.a(lib_a-malloc.o)
 .comment       0x0000000000000033       0x34 /usr/lib/gcc/arm-none-eabi/10.3.1/../../../arm-none-eabi/lib/thumb/v7-m/nofp/libc_nano.a(lib_a-memchr-stub.o)
 .comment       0x0000000000000033       0x34 /usr/lib/gcc/arm-none-eabi/10.3.1/../../../arm-none-eabi/lib/thumb/v7-m/nofp/libc_nano.a(lib_a-memcmp.o)
 .comment       0x0000000000000033       0x34 /usr/lib/gcc/arm-none-eabi/10.3.1/../../../arm-none-eabi/lib/thumb/v7-m/nofp/libc_nano.a(lib_a-mprec.o)
 .comment       0x0000000000000033       0x34 /usr/lib/gcc/arm-none-eabi/10.3.1/../../../arm-none-eabi/lib/thumb/v7-m/nofp/libc_nano.a(lib_a-nano-callocr.o)
 .comment       0x0000000000000033       0x34 /usr/lib/gcc/arm-none-eabi/10.3.1/../../../arm-none-eabi/lib/thumb/v7-m/nofp/libc_nano.a(lib_a-nano-freer.o)
 .comment       0x0000000000000033       0x34 /usr/lib/gcc/arm-none-eabi/10.3.1/../../../arm-none-eabi/lib/thumb/v7-m/nofp/libc_nano.a(lib_a-nano-mallocr.o)
 .comment       0x0000000000000033       0x34 /usr/lib/gcc/arm-none-eabi/10.3.1/../../../arm-none-eabi/lib/thumb/v7-m/nofp/libc_nano.a(lib_a-nano-svfprintf.o)
 .comment       0x0000000000000033       0x34 /usr/lib/gcc/arm-none-eabi/10.3.1/../../../arm-none-eabi/lib/thumb/v7-m/nofp/libc_nano.a(lib_a-nano-vfprintf.o)
 .comment       0x0000000000000033       0x34 /usr/lib/gcc/arm-none-eabi/10.3.1/../../../arm-none-eabi/lib/thumb/v7-m/nofp/libc_nano.a(lib_a-sbrkr.o)
 .comment       0x0000000000000033       0x34 /usr/lib/gcc/arm-none-eabi/10.3.1/../../../arm-none-eabi/lib/thumb/v7-m/nofp/libc_nano.a(lib_a-stdio.o)
 .comment       0x0000000000000033       0x34 /usr/lib/gcc/arm-none-eabi/10.3.1/../../../arm-none-eabi/lib/thumb/v7-m/nofp/libc_nano.a(lib_a-strchr.o)
 .comment       0x0000000000000033       0x34 /usr/lib/gcc/arm-none-eabi/10.3.1/../../../arm-none-eabi/lib/thumb/v7-m/nofp/libc_nano.a(lib_a-strnlen.o)
 .comment       0x0000000000000033       0x34 /usr/lib/gcc/arm-none-eabi/10.3.1/../../../arm-none-eabi/lib/thumb/v7-m/nofp/libc_nano.a(lib_a-writer.o)
 .comment       0x0000000000000033       0x34 /usr/lib/gcc/arm-none-eabi/10.3.1/../../../arm-none-eabi/lib/thumb/v7-m/nofp/libc_nano.a(lib_a-assert.o)
 .comment       0x0000000000000033       0x34 /usr/lib/gcc/arm-none-eabi/10.3.1/../../../arm-none-eabi/lib/thumb/v7-m/nofp/libc_nano.a(lib_a-closer.o)
 .comment       0x0000000000000033       0x34 /usr/lib/gcc/arm-none-eabi/10.3.1/../../../arm-none-eabi/lib/thumb/v7-m/nofp/libc_nano.a(lib_a-fprintf.o)
 .comment       0x0000000000000033       0x34 /usr/lib/gcc/arm-none-eabi/10.3.1/../../../arm-none-eabi/lib/thumb/v7-m/nofp/libc_nano.a(lib_a-fstatr.o)
 .comment       0x0000000000000033       0x34 /usr/lib/gcc/arm-none-eabi/10.3.1/../../../arm-none-eabi/lib/thumb/v7-m/nofp/libc_nano.a(lib_a-fvwrite.o)
 .comment       0x0000000000000033       0x34 /usr/lib/gcc/arm-none-eabi/10.3.1/../../../arm-none-eabi/lib/thumb/v7-m/nofp/libc_nano.a(lib_a-isattyr.o)
 .comment       0x0000000000000033       0x34 /usr/lib/gcc/arm-none-eabi/10.3.1/../../../arm-none-eabi/lib/thumb/v7-m/nofp/libc_nano.a(lib_a-locale.o)
 .comment       0x0000000000000033       0x34 /usr/lib/gcc/arm-none-eabi/10.3.1/../../../arm-none-eabi/lib/thumb/v7-m/nofp/libc_nano.a(lib_a-lseekr.o)
 .comment       0x0000000000000033       0x34 /usr/lib/gcc/arm-none-eabi/10.3.1/../../../arm-none-eabi/lib/thumb/v7-m/nofp/libc_nano.a(lib_a-mbtowc_r.o)
 .comment       0x0000000000000033       0x34 /usr/lib/gcc/arm-none-eabi/10.3.1/../../../arm-none-eabi/lib/thumb/v7-m/nofp/libc_nano.a(lib_a-memmove.o)
 .comment       0x0000000000000033       0x34 /usr/lib/gcc/arm-none-eabi/10.3.1/../../../arm-none-eabi/lib/thumb/v7-m/nofp/libc_nano.a(lib_a-mlock.o)
 .comment       0x0000000000000033       0x34 /usr/lib/gcc/arm-none-eabi/10.3.1/../../../arm-none-eabi/lib/thumb/v7-m/nofp/libc_nano.a(lib_a-nano-reallocr.o)
 .comment       0x0000000000000033       0x34 /usr/lib/gcc/arm-none-eabi/10.3.1/../../../arm-none-eabi/lib/thumb/v7-m/nofp/libc_nano.a(lib_a-readr.o)
 .comment       0x0000000000000033       0x34 /usr/lib/gcc/arm-none-eabi/10.3.1/../../../arm-none-eabi/lib/thumb/v7-m/nofp/libc_nano.a(lib_a-reent.o)
 .comment       0x0000000000000033       0x34 /usr/lib/gcc/arm-none-eabi/10.3.1/../../../arm-none-eabi/lib/thumb/v7-m/nofp/libc_nano.a(lib_a-wctomb_r.o)
 .comment       0x0000000000000033       0x34 /usr/lib/gcc/arm-none-eabi/10.3.1/../../../arm-none-eabi/lib/thumb/v7-m/nofp/libc_nano.a(lib_a-abort.o)
 .comment       0x0000000000000033       0x34 /usr/lib/gcc/arm-none-eabi/10.3.1/../../../arm-none-eabi/lib/thumb/v7-m/nofp/libc_nano.a(lib_a-ctype_.o)
 .comment       0x0000000000000033       0x34 /usr/lib/gcc/arm-none-eabi/10.3.1/../../../arm-none-eabi/lib/thumb/v7-m/nofp/libc_nano.a(lib_a-nano-msizer.o)
 .comment       0x0000000000000033       0x34 /usr/lib/gcc/arm-none-eabi/10.3.1/../../../arm-none-eabi/lib/thumb/v7-m/nofp/libc_nano.a(lib_a-signal.o)
 .comment       0x0000000000000033       0x34 /usr/lib/gcc/arm-none-eabi/10.3.1/../../../arm-none-eabi/lib/thumb/v7-m/nofp/libc_nano.a(lib_a-signalr.o)
 .comment       0x0000000000000033       0x34 /usr/lib/gcc/arm-none-eabi/10.3.1/../../../arm-none-eabi/lib/thumb/v7-m/nofp/libnosys.a(close.o)
 .comment       0x0000000000000033       0x34 /usr/lib/gcc/arm-none-eabi/10.3.1/../../../arm-none-eabi/lib/thumb/v7-m/nofp/libnosys.a(fstat.o)
 .comment       0x0000000000000033       0x34 /usr/lib/gcc/arm-none-eabi/10.3.1/../../../arm-none-eabi/lib/thumb/v7-m/nofp/libnosys.a(getpid.o)
 .comment       0x0000000000000033       0x34 /usr/lib/gcc/arm-none-eabi/10.3.1/../../../arm-none-eabi/lib/thumb/v7-m/nofp/libnosys.a(isatty.o)
 .comment       0x0000000000000033       0x34 /usr/lib/gcc/arm-none-eabi/10.3.1/../../../arm-none-eabi/lib/thumb/v7-m/nofp/libnosys.a(kill.o)
 .comment       0x0000000000000033       0x34 /usr/lib/gcc/arm-none-eabi/10.3.1/../../../arm-none-eabi/lib/thumb/v7-m/nofp/libnosys.a(lseek.o)
 .comment       0x0000000000000033       0x34 /usr/lib/gcc/arm-none-eabi/10.3.1/../../../arm-none-eabi/lib/thumb/v7-m/nofp/libnosys.a(read.o)
 .comment       0x0000000000000033       0x34 /usr/lib/gcc/arm-none-eabi/10.3.1/../../../arm-none-eabi/lib/thumb/v7-m/nofp/libnosys.a(sbrk.o)
 .comment       0x0000000000000033       0x34 /usr/lib/gcc/arm-none-eabi/10.3.1/../../../arm-none-eabi/lib/thumb/v7-m/nofp/libnosys.a(_exit.o)
 .comment       0x0000000000000033       0x34 /usr/lib/gcc/arm-none-eabi/10.3.1/thumb/v7-m/nofp/crtend.o

.debug_info     0x0000000000000000    0x2786c
 .debug_info    0x0000000000000000       0xf7 CMakeFiles/Project.elf.dir/Code/Src/GPS.c.obj
 .debug_info    0x00000000000000f7      0xb03 CMakeFiles/Project.elf.dir/Code/Src/GPS_Usart.c.obj
 .debug_info    0x0000000000000bfa     0x155c CMakeFiles/Project.elf.dir/Code/Src/I2COLED.c.obj
 .debug_info    0x0000000000002156      0xc34 CMakeFiles/Project.elf.dir/Code/Src/NBIOT_Usart.c.obj
 .debug_info    0x0000000000002d8a      0x42d CMakeFiles/Project.elf.dir/Code/Src/OLED.c.obj
 .debug_info    0x00000000000031b7      0xa96 CMakeFiles/Project.elf.dir/Code/Src/OneWrite.c.obj
 .debug_info    0x0000000000003c4d      0x9ce CMakeFiles/Project.elf.dir/Code/Src/Usart.c.obj
 .debug_info    0x000000000000461b      0x632 CMakeFiles/Project.elf.dir/Code/Src/nbiot.c.obj
 .debug_info    0x0000000000004c4d      0x533 CMakeFiles/Project.elf.dir/Lib/Src/misc.c.obj
 .debug_info    0x0000000000005180      0x925 CMakeFiles/Project.elf.dir/Lib/Src/stm32f10x_gpio.c.obj
 .debug_info    0x0000000000005aa5      0xca1 CMakeFiles/Project.elf.dir/Lib/Src/stm32f10x_i2c.c.obj
 .debug_info    0x0000000000006746      0x986 CMakeFiles/Project.elf.dir/Lib/Src/stm32f10x_rcc.c.obj
 .debug_info    0x00000000000070cc      0xc0f CMakeFiles/Project.elf.dir/Lib/Src/stm32f10x_usart.c.obj
 .debug_info    0x0000000000007cdb       0x22 CMakeFiles/Project.elf.dir/Project/Code-Cmake/startup_stm32f10x_md.s.obj
 .debug_info    0x0000000000007cfd      0x115 CMakeFiles/Project.elf.dir/Start/Src/stm32f10x_it.c.obj
 .debug_info    0x0000000000007e12      0x4a3 CMakeFiles/Project.elf.dir/Start/Src/system_stm32f10x.c.obj
 .debug_info    0x00000000000082b5      0x183 CMakeFiles/Project.elf.dir/System/Src/Delay.c.obj
 .debug_info    0x0000000000008438      0x3e0 CMakeFiles/Project.elf.dir/User/main.c.obj
 .debug_info    0x0000000000008818       0x26 /usr/lib/gcc/arm-none-eabi/10.3.1/thumb/v7-m/nofp/libgcc.a(_arm_addsubdf3.o)
 .debug_info    0x000000000000883e       0x26 /usr/lib/gcc/arm-none-eabi/10.3.1/thumb/v7-m/nofp/libgcc.a(_arm_muldivdf3.o)
 .debug_info    0x0000000000008864       0x26 /usr/lib/gcc/arm-none-eabi/10.3.1/thumb/v7-m/nofp/libgcc.a(_arm_truncdfsf2.o)
 .debug_info    0x000000000000888a       0x26 /usr/lib/gcc/arm-none-eabi/10.3.1/thumb/v7-m/nofp/libgcc.a(_arm_addsubsf3.o)
 .debug_info    0x00000000000088b0      0x863 /usr/lib/gcc/arm-none-eabi/10.3.1/../../../arm-none-eabi/lib/thumb/v7-m/nofp/libc_nano.a(lib_a-impure.o)
 .debug_info    0x0000000000009113      0x137 /usr/lib/gcc/arm-none-eabi/10.3.1/../../../arm-none-eabi/lib/thumb/v7-m/nofp/libc_nano.a(lib_a-memset.o)
 .debug_info    0x000000000000924a     0x1480 /usr/lib/gcc/arm-none-eabi/10.3.1/../../../arm-none-eabi/lib/thumb/v7-m/nofp/libc_nano.a(lib_a-nano-vfprintf_float.o)
 .debug_info    0x000000000000a6ca      0xe9e /usr/lib/gcc/arm-none-eabi/10.3.1/../../../arm-none-eabi/lib/thumb/v7-m/nofp/libc_nano.a(lib_a-nano-vfprintf_i.o)
 .debug_info    0x000000000000b568      0x8fd /usr/lib/gcc/arm-none-eabi/10.3.1/../../../arm-none-eabi/lib/thumb/v7-m/nofp/libc_nano.a(lib_a-printf.o)
 .debug_info    0x000000000000be65      0xa4e /usr/lib/gcc/arm-none-eabi/10.3.1/../../../arm-none-eabi/lib/thumb/v7-m/nofp/libc_nano.a(lib_a-puts.o)
 .debug_info    0x000000000000c8b3      0x926 /usr/lib/gcc/arm-none-eabi/10.3.1/../../../arm-none-eabi/lib/thumb/v7-m/nofp/libc_nano.a(lib_a-sprintf.o)
 .debug_info    0x000000000000d1d9       0xc4 /usr/lib/gcc/arm-none-eabi/10.3.1/../../../arm-none-eabi/lib/thumb/v7-m/nofp/libc_nano.a(lib_a-strcpy.o)
 .debug_info    0x000000000000d29d       0xbc /usr/lib/gcc/arm-none-eabi/10.3.1/../../../arm-none-eabi/lib/thumb/v7-m/nofp/libc_nano.a(lib_a-strlen-stub.o)
 .debug_info    0x000000000000d359      0x74b /usr/lib/gcc/arm-none-eabi/10.3.1/../../../arm-none-eabi/lib/thumb/v7-m/nofp/libc_nano.a(lib_a-strstr.o)
 .debug_info    0x000000000000daa4      0x998 /usr/lib/gcc/arm-none-eabi/10.3.1/../../../arm-none-eabi/lib/thumb/v7-m/nofp/libc_nano.a(lib_a-wbuf.o)
 .debug_info    0x000000000000e43c      0x902 /usr/lib/gcc/arm-none-eabi/10.3.1/../../../arm-none-eabi/lib/thumb/v7-m/nofp/libc_nano.a(lib_a-wsetup.o)
 .debug_info    0x000000000000ed3e     0x1969 /usr/lib/gcc/arm-none-eabi/10.3.1/../../../arm-none-eabi/lib/thumb/v7-m/nofp/libc_nano.a(lib_a-dtoa.o)
 .debug_info    0x00000000000106a7      0xb0a /usr/lib/gcc/arm-none-eabi/10.3.1/../../../arm-none-eabi/lib/thumb/v7-m/nofp/libc_nano.a(lib_a-fflush.o)
 .debug_info    0x00000000000111b1      0xfae /usr/lib/gcc/arm-none-eabi/10.3.1/../../../arm-none-eabi/lib/thumb/v7-m/nofp/libc_nano.a(lib_a-findfp.o)
 .debug_info    0x000000000001215f      0x900 /usr/lib/gcc/arm-none-eabi/10.3.1/../../../arm-none-eabi/lib/thumb/v7-m/nofp/libc_nano.a(lib_a-fwalk.o)
 .debug_info    0x0000000000012a5f      0xad8 /usr/lib/gcc/arm-none-eabi/10.3.1/../../../arm-none-eabi/lib/thumb/v7-m/nofp/libc_nano.a(lib_a-localeconv.o)
 .debug_info    0x0000000000013537      0xc8a /usr/lib/gcc/arm-none-eabi/10.3.1/../../../arm-none-eabi/lib/thumb/v7-m/nofp/libc_nano.a(lib_a-makebuf.o)
 .debug_info    0x00000000000141c1      0x832 /usr/lib/gcc/arm-none-eabi/10.3.1/../../../arm-none-eabi/lib/thumb/v7-m/nofp/libc_nano.a(lib_a-malloc.o)
 .debug_info    0x00000000000149f3      0x14e /usr/lib/gcc/arm-none-eabi/10.3.1/../../../arm-none-eabi/lib/thumb/v7-m/nofp/libc_nano.a(lib_a-memchr-stub.o)
 .debug_info    0x0000000000014b41      0x138 /usr/lib/gcc/arm-none-eabi/10.3.1/../../../arm-none-eabi/lib/thumb/v7-m/nofp/libc_nano.a(lib_a-memcmp.o)
 .debug_info    0x0000000000014c79       0x26 /usr/lib/gcc/arm-none-eabi/10.3.1/../../../arm-none-eabi/lib/thumb/v7-m/nofp/libc_nano.a(lib_a-memcpy.o)
 .debug_info    0x0000000000014c9f     0x1ffe /usr/lib/gcc/arm-none-eabi/10.3.1/../../../arm-none-eabi/lib/thumb/v7-m/nofp/libc_nano.a(lib_a-mprec.o)
 .debug_info    0x0000000000016c9d      0x858 /usr/lib/gcc/arm-none-eabi/10.3.1/../../../arm-none-eabi/lib/thumb/v7-m/nofp/libc_nano.a(lib_a-nano-callocr.o)
 .debug_info    0x00000000000174f5      0x940 /usr/lib/gcc/arm-none-eabi/10.3.1/../../../arm-none-eabi/lib/thumb/v7-m/nofp/libc_nano.a(lib_a-nano-freer.o)
 .debug_info    0x0000000000017e35      0xa0c /usr/lib/gcc/arm-none-eabi/10.3.1/../../../arm-none-eabi/lib/thumb/v7-m/nofp/libc_nano.a(lib_a-nano-mallocr.o)
 .debug_info    0x0000000000018841     0x10d5 /usr/lib/gcc/arm-none-eabi/10.3.1/../../../arm-none-eabi/lib/thumb/v7-m/nofp/libc_nano.a(lib_a-nano-svfprintf.o)
 .debug_info    0x0000000000019916     0x115f /usr/lib/gcc/arm-none-eabi/10.3.1/../../../arm-none-eabi/lib/thumb/v7-m/nofp/libc_nano.a(lib_a-nano-vfprintf.o)
 .debug_info    0x000000000001aa75      0x828 /usr/lib/gcc/arm-none-eabi/10.3.1/../../../arm-none-eabi/lib/thumb/v7-m/nofp/libc_nano.a(lib_a-sbrkr.o)
 .debug_info    0x000000000001b29d      0xabc /usr/lib/gcc/arm-none-eabi/10.3.1/../../../arm-none-eabi/lib/thumb/v7-m/nofp/libc_nano.a(lib_a-stdio.o)
 .debug_info    0x000000000001bd59      0x13a /usr/lib/gcc/arm-none-eabi/10.3.1/../../../arm-none-eabi/lib/thumb/v7-m/nofp/libc_nano.a(lib_a-strchr.o)
 .debug_info    0x000000000001be93       0xe2 /usr/lib/gcc/arm-none-eabi/10.3.1/../../../arm-none-eabi/lib/thumb/v7-m/nofp/libc_nano.a(lib_a-strnlen.o)
 .debug_info    0x000000000001bf75      0x85a /usr/lib/gcc/arm-none-eabi/10.3.1/../../../arm-none-eabi/lib/thumb/v7-m/nofp/libc_nano.a(lib_a-writer.o)
 .debug_info    0x000000000001c7cf      0x8bd /usr/lib/gcc/arm-none-eabi/10.3.1/../../../arm-none-eabi/lib/thumb/v7-m/nofp/libc_nano.a(lib_a-assert.o)
 .debug_info    0x000000000001d08c      0x805 /usr/lib/gcc/arm-none-eabi/10.3.1/../../../arm-none-eabi/lib/thumb/v7-m/nofp/libc_nano.a(lib_a-closer.o)
 .debug_info    0x000000000001d891      0x902 /usr/lib/gcc/arm-none-eabi/10.3.1/../../../arm-none-eabi/lib/thumb/v7-m/nofp/libc_nano.a(lib_a-fprintf.o)
 .debug_info    0x000000000001e193      0xa1d /usr/lib/gcc/arm-none-eabi/10.3.1/../../../arm-none-eabi/lib/thumb/v7-m/nofp/libc_nano.a(lib_a-fstatr.o)
 .debug_info    0x000000000001ebb0      0xb54 /usr/lib/gcc/arm-none-eabi/10.3.1/../../../arm-none-eabi/lib/thumb/v7-m/nofp/libc_nano.a(lib_a-fvwrite.o)
 .debug_info    0x000000000001f704      0x805 /usr/lib/gcc/arm-none-eabi/10.3.1/../../../arm-none-eabi/lib/thumb/v7-m/nofp/libc_nano.a(lib_a-isattyr.o)
 .debug_info    0x000000000001ff09      0xca4 /usr/lib/gcc/arm-none-eabi/10.3.1/../../../arm-none-eabi/lib/thumb/v7-m/nofp/libc_nano.a(lib_a-locale.o)
 .debug_info    0x0000000000020bad      0x83b /usr/lib/gcc/arm-none-eabi/10.3.1/../../../arm-none-eabi/lib/thumb/v7-m/nofp/libc_nano.a(lib_a-lseekr.o)
 .debug_info    0x00000000000213e8      0xb67 /usr/lib/gcc/arm-none-eabi/10.3.1/../../../arm-none-eabi/lib/thumb/v7-m/nofp/libc_nano.a(lib_a-mbtowc_r.o)
 .debug_info    0x0000000000021f4f      0x152 /usr/lib/gcc/arm-none-eabi/10.3.1/../../../arm-none-eabi/lib/thumb/v7-m/nofp/libc_nano.a(lib_a-memmove.o)
 .debug_info    0x00000000000220a1      0x7dc /usr/lib/gcc/arm-none-eabi/10.3.1/../../../arm-none-eabi/lib/thumb/v7-m/nofp/libc_nano.a(lib_a-mlock.o)
 .debug_info    0x000000000002287d      0x911 /usr/lib/gcc/arm-none-eabi/10.3.1/../../../arm-none-eabi/lib/thumb/v7-m/nofp/libc_nano.a(lib_a-nano-reallocr.o)
 .debug_info    0x000000000002318e      0x853 /usr/lib/gcc/arm-none-eabi/10.3.1/../../../arm-none-eabi/lib/thumb/v7-m/nofp/libc_nano.a(lib_a-readr.o)
 .debug_info    0x00000000000239e1      0xa7e /usr/lib/gcc/arm-none-eabi/10.3.1/../../../arm-none-eabi/lib/thumb/v7-m/nofp/libc_nano.a(lib_a-reent.o)
 .debug_info    0x000000000002445f      0xb26 /usr/lib/gcc/arm-none-eabi/10.3.1/../../../arm-none-eabi/lib/thumb/v7-m/nofp/libc_nano.a(lib_a-wctomb_r.o)
 .debug_info    0x0000000000024f85       0xcb /usr/lib/gcc/arm-none-eabi/10.3.1/../../../arm-none-eabi/lib/thumb/v7-m/nofp/libc_nano.a(lib_a-abort.o)
 .debug_info    0x0000000000025050       0xb8 /usr/lib/gcc/arm-none-eabi/10.3.1/../../../arm-none-eabi/lib/thumb/v7-m/nofp/libc_nano.a(lib_a-ctype_.o)
 .debug_info    0x0000000000025108      0x840 /usr/lib/gcc/arm-none-eabi/10.3.1/../../../arm-none-eabi/lib/thumb/v7-m/nofp/libc_nano.a(lib_a-nano-msizer.o)
 .debug_info    0x0000000000025948      0xdcc /usr/lib/gcc/arm-none-eabi/10.3.1/../../../arm-none-eabi/lib/thumb/v7-m/nofp/libc_nano.a(lib_a-signal.o)
 .debug_info    0x0000000000026714      0x871 /usr/lib/gcc/arm-none-eabi/10.3.1/../../../arm-none-eabi/lib/thumb/v7-m/nofp/libc_nano.a(lib_a-signalr.o)
 .debug_info    0x0000000000026f85       0x26 /usr/lib/gcc/arm-none-eabi/10.3.1/thumb/v7-m/nofp/libgcc.a(_arm_cmpdf2.o)
 .debug_info    0x0000000000026fab       0x26 /usr/lib/gcc/arm-none-eabi/10.3.1/thumb/v7-m/nofp/libgcc.a(_arm_unorddf2.o)
 .debug_info    0x0000000000026fd1       0x26 /usr/lib/gcc/arm-none-eabi/10.3.1/thumb/v7-m/nofp/libgcc.a(_arm_fixdfsi.o)